[2021-11-11T11:38:21.117-0100][0.011s] Heap region size: 1M
[2021-11-11T11:38:21.295-0100][0.189s] Using G1
[2021-11-11T11:38:21.295-0100][0.189s] Heap address: 0x00000007e0000000, size: 512 MB, Compressed Oops mode: Zero based, Oop shift amount: 3
[2021-11-11T11:38:21.296-0100][0.190s] Mark closed archive regions in map: [0x00000007fff00000, 0x00000007fff76ff8]
[2021-11-11T11:38:21.297-0100][0.190s] Mark open archive regions in map: [0x00000007ffe00000, 0x00000007ffe47ff8]
[2021-11-11T11:38:21.317-0100][0.211s] Periodic GC disabled
[2021-11-11T11:38:21.656-0100][0.550s] GC(0) Pause Young (Normal) (G1 Evacuation Pause)
[2021-11-11T11:38:21.657-0100][0.550s] GC(0) Using 10 workers of 10 for evacuation
[2021-11-11T11:38:21.662-0100][0.556s] GC(0)   Pre Evacuate Collection Set: 0.0ms
[2021-11-11T11:38:21.663-0100][0.556s] GC(0)   Evacuate Collection Set: 5.3ms
[2021-11-11T11:38:21.663-0100][0.556s] GC(0)   Post Evacuate Collection Set: 0.2ms
[2021-11-11T11:38:21.663-0100][0.556s] GC(0)   Other: 0.5ms
[2021-11-11T11:38:21.663-0100][0.556s] GC(0) Eden regions: 30->0(304)
[2021-11-11T11:38:21.663-0100][0.556s] GC(0) Survivor regions: 0->3(4)
[2021-11-11T11:38:21.663-0100][0.556s] GC(0) Old regions: 0->0
[2021-11-11T11:38:21.663-0100][0.556s] GC(0) Archive regions: 2->2
[2021-11-11T11:38:21.663-0100][0.556s] GC(0) Humongous regions: 0->0
[2021-11-11T11:38:21.663-0100][0.556s] GC(0) Metaspace: 6079K->6079K(1056768K)
[2021-11-11T11:38:21.663-0100][0.556s] GC(0) Pause Young (Normal) (G1 Evacuation Pause) 30M->3M(512M) 6.172ms
[2021-11-11T11:38:21.663-0100][0.556s] GC(0) User=0.02s Sys=0.01s Real=0.01s
[2021-11-11T11:38:22.470-0100][1.364s] GC(1) Pause Young (Concurrent Start) (Metadata GC Threshold)
[2021-11-11T11:38:22.470-0100][1.364s] GC(1) Using 10 workers of 10 for evacuation
[2021-11-11T11:38:22.481-0100][1.374s] GC(1)   Pre Evacuate Collection Set: 0.0ms
[2021-11-11T11:38:22.481-0100][1.374s] GC(1)   Evacuate Collection Set: 9.4ms
[2021-11-11T11:38:22.481-0100][1.374s] GC(1)   Post Evacuate Collection Set: 0.7ms
[2021-11-11T11:38:22.481-0100][1.374s] GC(1)   Other: 0.2ms
[2021-11-11T11:38:22.481-0100][1.374s] GC(1) Eden regions: 99->0(93)
[2021-11-11T11:38:22.481-0100][1.374s] GC(1) Survivor regions: 3->20(39)
[2021-11-11T11:38:22.481-0100][1.374s] GC(1) Old regions: 0->0
[2021-11-11T11:38:22.481-0100][1.374s] GC(1) Archive regions: 2->2
[2021-11-11T11:38:22.481-0100][1.374s] GC(1) Humongous regions: 4->4
[2021-11-11T11:38:22.481-0100][1.374s] GC(1) Metaspace: 20363K->20363K(1069056K)
[2021-11-11T11:38:22.481-0100][1.374s] GC(1) Pause Young (Concurrent Start) (Metadata GC Threshold) 106M->23M(512M) 10.534ms
[2021-11-11T11:38:22.481-0100][1.374s] GC(1) User=0.05s Sys=0.00s Real=0.01s
[2021-11-11T11:38:22.481-0100][1.374s] GC(2) Concurrent Cycle
[2021-11-11T11:38:22.481-0100][1.374s] GC(2) Concurrent Clear Claimed Marks
[2021-11-11T11:38:22.481-0100][1.374s] GC(2) Concurrent Clear Claimed Marks 0.023ms
[2021-11-11T11:38:22.481-0100][1.374s] GC(2) Concurrent Scan Root Regions
[2021-11-11T11:38:22.483-0100][1.377s] GC(2) Concurrent Scan Root Regions 2.389ms
[2021-11-11T11:38:22.483-0100][1.377s] GC(2) Concurrent Mark (1.377s)
[2021-11-11T11:38:22.483-0100][1.377s] GC(2) Concurrent Mark From Roots
[2021-11-11T11:38:22.483-0100][1.377s] GC(2) Using 3 workers of 3 for marking
[2021-11-11T11:38:22.488-0100][1.381s] GC(2) Concurrent Mark From Roots 4.563ms
[2021-11-11T11:38:22.488-0100][1.381s] GC(2) Concurrent Preclean
[2021-11-11T11:38:22.488-0100][1.382s] GC(2) Concurrent Preclean 0.032ms
[2021-11-11T11:38:22.488-0100][1.382s] GC(2) Concurrent Mark (1.377s, 1.382s) 4.656ms
[2021-11-11T11:38:22.488-0100][1.382s] GC(2) Pause Remark
[2021-11-11T11:38:22.489-0100][1.382s] GC(2) Pause Remark 24M->24M(512M) 0.657ms
[2021-11-11T11:38:22.489-0100][1.382s] GC(2) User=0.01s Sys=0.00s Real=0.00s
[2021-11-11T11:38:22.489-0100][1.382s] GC(2) Concurrent Rebuild Remembered Sets
[2021-11-11T11:38:22.490-0100][1.384s] GC(2) Concurrent Rebuild Remembered Sets 1.191ms
[2021-11-11T11:38:22.490-0100][1.384s] GC(2) Pause Cleanup
[2021-11-11T11:38:22.490-0100][1.384s] GC(2) Pause Cleanup 24M->24M(512M) 0.065ms
[2021-11-11T11:38:22.490-0100][1.384s] GC(2) User=0.00s Sys=0.00s Real=0.00s
[2021-11-11T11:38:22.490-0100][1.384s] GC(2) Concurrent Cleanup for Next Mark
[2021-11-11T11:38:22.491-0100][1.384s] GC(2) Concurrent Cleanup for Next Mark 0.596ms
[2021-11-11T11:38:22.491-0100][1.385s] GC(2) Concurrent Cycle 10.137ms
[2021-11-11T11:38:23.140-0100][2.034s] GC(3) Pause Young (Normal) (G1 Evacuation Pause)
[2021-11-11T11:38:23.140-0100][2.034s] GC(3) Using 10 workers of 10 for evacuation
[2021-11-11T11:38:23.150-0100][2.044s] GC(3)   Pre Evacuate Collection Set: 0.0ms
[2021-11-11T11:38:23.150-0100][2.044s] GC(3)   Evacuate Collection Set: 9.3ms
[2021-11-11T11:38:23.150-0100][2.044s] GC(3)   Post Evacuate Collection Set: 0.6ms
[2021-11-11T11:38:23.150-0100][2.044s] GC(3)   Other: 0.1ms
[2021-11-11T11:38:23.150-0100][2.044s] GC(3) Eden regions: 82->0(126)
[2021-11-11T11:38:23.150-0100][2.044s] GC(3) Survivor regions: 20->6(13)
[2021-11-11T11:38:23.150-0100][2.044s] GC(3) Old regions: 0->19
[2021-11-11T11:38:23.150-0100][2.044s] GC(3) Archive regions: 2->2
[2021-11-11T11:38:23.150-0100][2.044s] GC(3) Humongous regions: 4->4
[2021-11-11T11:38:23.150-0100][2.044s] GC(3) Metaspace: 30007K->30007K(1077248K)
[2021-11-11T11:38:23.150-0100][2.044s] GC(3) Pause Young (Normal) (G1 Evacuation Pause) 105M->29M(512M) 10.168ms
[2021-11-11T11:38:23.150-0100][2.044s] GC(3) User=0.09s Sys=0.00s Real=0.01s
[2021-11-11T11:38:23.955-0100][2.848s] GC(4) Pause Young (Concurrent Start) (Metadata GC Threshold)
[2021-11-11T11:38:23.955-0100][2.848s] GC(4) Using 10 workers of 10 for evacuation
[2021-11-11T11:38:23.959-0100][2.852s] GC(4)   Pre Evacuate Collection Set: 0.1ms
[2021-11-11T11:38:23.959-0100][2.852s] GC(4)   Evacuate Collection Set: 3.5ms
[2021-11-11T11:38:23.959-0100][2.852s] GC(4)   Post Evacuate Collection Set: 0.3ms
[2021-11-11T11:38:23.959-0100][2.852s] GC(4)   Other: 0.2ms
[2021-11-11T11:38:23.959-0100][2.852s] GC(4) Eden regions: 66->0(138)
[2021-11-11T11:38:23.959-0100][2.852s] GC(4) Survivor regions: 6->9(17)
[2021-11-11T11:38:23.959-0100][2.852s] GC(4) Old regions: 19->19
[2021-11-11T11:38:23.959-0100][2.852s] GC(4) Archive regions: 2->2
[2021-11-11T11:38:23.959-0100][2.852s] GC(4) Humongous regions: 4->4
[2021-11-11T11:38:23.959-0100][2.852s] GC(4) Metaspace: 34872K->34872K(1081344K)
[2021-11-11T11:38:23.959-0100][2.852s] GC(4) Pause Young (Concurrent Start) (Metadata GC Threshold) 94M->32M(512M) 4.189ms
[2021-11-11T11:38:23.959-0100][2.852s] GC(4) User=0.02s Sys=0.01s Real=0.00s
[2021-11-11T11:38:23.959-0100][2.852s] GC(5) Concurrent Cycle
[2021-11-11T11:38:23.959-0100][2.852s] GC(5) Concurrent Clear Claimed Marks
[2021-11-11T11:38:23.959-0100][2.852s] GC(5) Concurrent Clear Claimed Marks 0.019ms
[2021-11-11T11:38:23.959-0100][2.852s] GC(5) Concurrent Scan Root Regions
[2021-11-11T11:38:23.960-0100][2.854s] GC(5) Concurrent Scan Root Regions 1.609ms
[2021-11-11T11:38:23.960-0100][2.854s] GC(5) Concurrent Mark (2.854s)
[2021-11-11T11:38:23.960-0100][2.854s] GC(5) Concurrent Mark From Roots
[2021-11-11T11:38:23.960-0100][2.854s] GC(5) Using 3 workers of 3 for marking
[2021-11-11T11:38:23.969-0100][2.862s] GC(5) Concurrent Mark From Roots 8.124ms
[2021-11-11T11:38:23.969-0100][2.862s] GC(5) Concurrent Preclean
[2021-11-11T11:38:23.969-0100][2.862s] GC(5) Concurrent Preclean 0.053ms
[2021-11-11T11:38:23.969-0100][2.862s] GC(5) Concurrent Mark (2.854s, 2.862s) 8.244ms
[2021-11-11T11:38:23.969-0100][2.862s] GC(5) Pause Remark
[2021-11-11T11:38:23.970-0100][2.864s] GC(5) Pause Remark 35M->35M(512M) 1.210ms
[2021-11-11T11:38:23.970-0100][2.864s] GC(5) User=0.00s Sys=0.00s Real=0.01s
[2021-11-11T11:38:23.970-0100][2.864s] GC(5) Concurrent Rebuild Remembered Sets
[2021-11-11T11:38:23.975-0100][2.868s] GC(5) Concurrent Rebuild Remembered Sets 4.630ms
[2021-11-11T11:38:23.975-0100][2.869s] GC(5) Pause Cleanup
[2021-11-11T11:38:23.975-0100][2.869s] GC(5) Pause Cleanup 35M->35M(512M) 0.106ms
[2021-11-11T11:38:23.975-0100][2.869s] GC(5) User=0.00s Sys=0.00s Real=0.00s
[2021-11-11T11:38:23.975-0100][2.869s] GC(5) Concurrent Cleanup for Next Mark
[2021-11-11T11:38:23.976-0100][2.869s] GC(5) Concurrent Cleanup for Next Mark 0.646ms
[2021-11-11T11:38:23.976-0100][2.870s] GC(5) Concurrent Cycle 17.229ms
[2021-11-11T11:38:29.576-0100][8.469s] GC(6) Pause Young (Normal) (G1 Evacuation Pause)
[2021-11-11T11:38:29.576-0100][8.469s] GC(6) Using 10 workers of 10 for evacuation
[2021-11-11T11:38:29.580-0100][8.474s] GC(6)   Pre Evacuate Collection Set: 0.0ms
[2021-11-11T11:38:29.580-0100][8.474s] GC(6)   Evacuate Collection Set: 4.1ms
[2021-11-11T11:38:29.580-0100][8.474s] GC(6)   Post Evacuate Collection Set: 0.6ms
[2021-11-11T11:38:29.581-0100][8.474s] GC(6)   Other: 0.2ms
[2021-11-11T11:38:29.581-0100][8.474s] GC(6) Eden regions: 138->0(180)
[2021-11-11T11:38:29.581-0100][8.474s] GC(6) Survivor regions: 9->14(19)
[2021-11-11T11:38:29.581-0100][8.474s] GC(6) Old regions: 19->19
[2021-11-11T11:38:29.581-0100][8.474s] GC(6) Archive regions: 2->2
[2021-11-11T11:38:29.581-0100][8.474s] GC(6) Humongous regions: 5->4
[2021-11-11T11:38:29.581-0100][8.474s] GC(6) Metaspace: 44144K->44144K(1089536K)
[2021-11-11T11:38:29.581-0100][8.474s] GC(6) Pause Young (Normal) (G1 Evacuation Pause) 171M->36M(512M) 4.973ms
[2021-11-11T11:38:29.581-0100][8.474s] GC(6) User=0.04s Sys=0.00s Real=0.01s
[2021-11-11T11:38:55.296-0100][34.189s] GC(7) Pause Young (Normal) (G1 Evacuation Pause)
[2021-11-11T11:38:55.296-0100][34.189s] GC(7) Using 10 workers of 10 for evacuation
[2021-11-11T11:38:55.304-0100][34.197s] GC(7)   Pre Evacuate Collection Set: 0.0ms
[2021-11-11T11:38:55.304-0100][34.197s] GC(7)   Evacuate Collection Set: 7.6ms
[2021-11-11T11:38:55.304-0100][34.197s] GC(7)   Post Evacuate Collection Set: 0.8ms
[2021-11-11T11:38:55.304-0100][34.197s] GC(7)   Other: 0.3ms
[2021-11-11T11:38:55.304-0100][34.197s] GC(7) Eden regions: 180->0(293)
[2021-11-11T11:38:55.304-0100][34.197s] GC(7) Survivor regions: 14->14(25)
[2021-11-11T11:38:55.304-0100][34.197s] GC(7) Old regions: 19->24
[2021-11-11T11:38:55.304-0100][34.197s] GC(7) Archive regions: 2->2
[2021-11-11T11:38:55.304-0100][34.197s] GC(7) Humongous regions: 4->4
[2021-11-11T11:38:55.304-0100][34.197s] GC(7) Metaspace: 48379K->48379K(1093632K)
[2021-11-11T11:38:55.304-0100][34.198s] GC(7) Pause Young (Normal) (G1 Evacuation Pause) 216M->41M(512M) 8.847ms
[2021-11-11T11:38:55.305-0100][34.198s] GC(7) User=0.07s Sys=0.01s Real=0.01s
[2021-11-11T11:39:11.560-0100][50.453s] GC(8) Pause Young (Concurrent Start) (G1 Humongous Allocation)
[2021-11-11T11:39:11.579-0100][50.471s] GC(8) Using 10 workers of 10 for evacuation
[2021-11-11T11:39:11.593-0100][50.486s] GC(8)   Pre Evacuate Collection Set: 0.2ms
[2021-11-11T11:39:11.593-0100][50.486s] GC(8)   Evacuate Collection Set: 13.4ms
[2021-11-11T11:39:11.593-0100][50.486s] GC(8)   Post Evacuate Collection Set: 0.7ms
[2021-11-11T11:39:11.593-0100][50.486s] GC(8)   Other: 19.0ms
[2021-11-11T11:39:11.593-0100][50.486s] GC(8) Eden regions: 120->0(286)
[2021-11-11T11:39:11.593-0100][50.486s] GC(8) Survivor regions: 14->21(39)
[2021-11-11T11:39:11.593-0100][50.486s] GC(8) Old regions: 24->24
[2021-11-11T11:39:11.593-0100][50.486s] GC(8) Archive regions: 2->2
[2021-11-11T11:39:11.593-0100][50.486s] GC(8) Humongous regions: 204->4
[2021-11-11T11:39:11.593-0100][50.486s] GC(8) Metaspace: 57879K->57879K(1101824K)
[2021-11-11T11:39:11.593-0100][50.486s] GC(8) Pause Young (Concurrent Start) (G1 Humongous Allocation) 360M->48M(512M) 33.485ms
[2021-11-11T11:39:11.593-0100][50.486s] GC(8) User=0.06s Sys=0.00s Real=0.03s
[2021-11-11T11:39:11.594-0100][50.486s] GC(9) Concurrent Cycle
[2021-11-11T11:39:11.594-0100][50.486s] GC(9) Concurrent Clear Claimed Marks
[2021-11-11T11:39:11.594-0100][50.486s] GC(9) Concurrent Clear Claimed Marks 0.116ms
[2021-11-11T11:39:11.594-0100][50.486s] GC(9) Concurrent Scan Root Regions
[2021-11-11T11:39:11.598-0100][50.491s] GC(9) Concurrent Scan Root Regions 4.010ms
[2021-11-11T11:39:11.617-0100][50.510s] GC(9) Concurrent Mark (50.510s)
[2021-11-11T11:39:11.617-0100][50.510s] GC(9) Concurrent Mark From Roots
[2021-11-11T11:39:11.617-0100][50.510s] GC(9) Using 3 workers of 3 for marking
[2021-11-11T11:39:11.629-0100][50.522s] GC(9) Concurrent Mark From Roots 11.809ms
[2021-11-11T11:39:11.640-0100][50.532s] GC(9) Concurrent Preclean
[2021-11-11T11:39:11.640-0100][50.533s] GC(9) Concurrent Preclean 0.303ms
[2021-11-11T11:39:11.640-0100][50.533s] GC(9) Concurrent Mark (50.510s, 50.533s) 23.290ms
[2021-11-11T11:39:11.640-0100][50.533s] GC(9) Pause Remark
[2021-11-11T11:39:11.643-0100][50.536s] GC(9) Pause Remark 55M->55M(512M) 2.639ms
[2021-11-11T11:39:11.662-0100][50.555s] GC(9) User=0.02s Sys=0.00s Real=0.02s
[2021-11-11T11:39:11.662-0100][50.555s] GC(9) Concurrent Rebuild Remembered Sets
[2021-11-11T11:39:11.670-0100][50.563s] GC(9) Concurrent Rebuild Remembered Sets 8.436ms
[2021-11-11T11:39:11.689-0100][50.582s] GC(9) Pause Cleanup
[2021-11-11T11:39:11.689-0100][50.582s] GC(9) Pause Cleanup 59M->59M(512M) 0.239ms
[2021-11-11T11:39:11.689-0100][50.582s] GC(9) User=0.00s Sys=0.00s Real=0.00s
[2021-11-11T11:39:11.689-0100][50.582s] GC(9) Concurrent Cleanup for Next Mark
[2021-11-11T11:39:11.690-0100][50.583s] GC(9) Concurrent Cleanup for Next Mark 0.565ms
[2021-11-11T11:39:11.690-0100][50.583s] GC(9) Concurrent Cycle 96.743ms
[2021-11-11T11:43:16.644-0100][295.533s] GC(10) Pause Young (Normal) (G1 Evacuation Pause)
[2021-11-11T11:43:16.644-0100][295.533s] GC(10) Using 10 workers of 10 for evacuation
[2021-11-11T11:43:16.659-0100][295.549s] GC(10)   Pre Evacuate Collection Set: 0.0ms
[2021-11-11T11:43:16.659-0100][295.549s] GC(10)   Evacuate Collection Set: 11.4ms
[2021-11-11T11:43:16.660-0100][295.549s] GC(10)   Post Evacuate Collection Set: 3.8ms
[2021-11-11T11:43:16.660-0100][295.549s] GC(10)   Other: 0.5ms
[2021-11-11T11:43:16.660-0100][295.549s] GC(10) Eden regions: 286->0(271)
[2021-11-11T11:43:16.660-0100][295.549s] GC(10) Survivor regions: 21->36(39)
[2021-11-11T11:43:16.660-0100][295.549s] GC(10) Old regions: 24->24
[2021-11-11T11:43:16.660-0100][295.549s] GC(10) Archive regions: 2->2
[2021-11-11T11:43:16.660-0100][295.549s] GC(10) Humongous regions: 78->4
[2021-11-11T11:43:16.660-0100][295.549s] GC(10) Metaspace: 61157K->61157K(1103872K)
[2021-11-11T11:43:16.660-0100][295.549s] GC(10) Pause Young (Normal) (G1 Evacuation Pause) 408M->63M(512M) 16.030ms
[2021-11-11T11:43:16.660-0100][295.549s] GC(10) User=0.13s Sys=0.00s Real=0.02s
[2021-11-11T11:44:16.521-0100][355.409s] GC(11) Pause Young (Normal) (G1 Evacuation Pause)
[2021-11-11T11:44:16.521-0100][355.409s] GC(11) Using 10 workers of 10 for evacuation
[2021-11-11T11:44:16.540-0100][355.428s] GC(11)   Pre Evacuate Collection Set: 0.0ms
[2021-11-11T11:44:16.559-0100][355.448s] GC(11)   Evacuate Collection Set: 13.3ms
[2021-11-11T11:44:16.559-0100][355.448s] GC(11)   Post Evacuate Collection Set: 5.1ms
[2021-11-11T11:44:16.559-0100][355.448s] GC(11)   Other: 0.4ms
[2021-11-11T11:44:16.559-0100][355.448s] GC(11) Eden regions: 271->0(275)
[2021-11-11T11:44:16.559-0100][355.448s] GC(11) Survivor regions: 36->32(39)
[2021-11-11T11:44:16.559-0100][355.448s] GC(11) Old regions: 24->37
[2021-11-11T11:44:16.560-0100][355.448s] GC(11) Archive regions: 2->2
[2021-11-11T11:44:16.560-0100][355.448s] GC(11) Humongous regions: 4->4
[2021-11-11T11:44:16.560-0100][355.448s] GC(11) Metaspace: 61646K->61646K(1105920K)
[2021-11-11T11:44:16.560-0100][355.448s] GC(11) Pause Young (Normal) (G1 Evacuation Pause) 334M->72M(512M) 38.435ms
[2021-11-11T11:44:16.560-0100][355.448s] GC(11) User=0.19s Sys=0.01s Real=0.04s
[2021-11-11T11:45:40.876-0100][439.763s] GC(12) Pause Young (Normal) (G1 Evacuation Pause)
[2021-11-11T11:45:40.876-0100][439.763s] GC(12) Using 10 workers of 10 for evacuation
[2021-11-11T11:45:40.888-0100][439.775s] GC(12)   Pre Evacuate Collection Set: 0.0ms
[2021-11-11T11:45:40.888-0100][439.775s] GC(12)   Evacuate Collection Set: 7.3ms
[2021-11-11T11:45:40.888-0100][439.775s] GC(12)   Post Evacuate Collection Set: 4.7ms
[2021-11-11T11:45:40.888-0100][439.775s] GC(12)   Other: 0.4ms
[2021-11-11T11:45:40.888-0100][439.775s] GC(12) Eden regions: 275->0(278)
[2021-11-11T11:45:40.888-0100][439.775s] GC(12) Survivor regions: 32->29(39)
[2021-11-11T11:45:40.888-0100][439.775s] GC(12) Old regions: 37->45
[2021-11-11T11:45:40.888-0100][439.775s] GC(12) Archive regions: 2->2
[2021-11-11T11:45:40.888-0100][439.775s] GC(12) Humongous regions: 4->4
[2021-11-11T11:45:40.888-0100][439.775s] GC(12) Metaspace: 62048K->62048K(1105920K)
[2021-11-11T11:45:40.888-0100][439.775s] GC(12) Pause Young (Normal) (G1 Evacuation Pause) 347M->77M(512M) 12.534ms
[2021-11-11T11:45:40.888-0100][439.775s] GC(12) User=0.11s Sys=0.01s Real=0.01s
[2021-11-11T11:46:48.796-0100][507.682s] GC(13) Pause Young (Normal) (G1 Evacuation Pause)
[2021-11-11T11:46:48.796-0100][507.682s] GC(13) Using 10 workers of 10 for evacuation
[2021-11-11T11:46:48.804-0100][507.690s] GC(13)   Pre Evacuate Collection Set: 0.0ms
[2021-11-11T11:46:48.804-0100][507.690s] GC(13)   Evacuate Collection Set: 4.5ms
[2021-11-11T11:46:48.804-0100][507.690s] GC(13)   Post Evacuate Collection Set: 3.3ms
[2021-11-11T11:46:48.804-0100][507.690s] GC(13)   Other: 0.3ms
[2021-11-11T11:46:48.804-0100][507.690s] GC(13) Eden regions: 278->0(286)
[2021-11-11T11:46:48.804-0100][507.690s] GC(13) Survivor regions: 29->21(39)
[2021-11-11T11:46:48.804-0100][507.690s] GC(13) Old regions: 45->49
[2021-11-11T11:46:48.804-0100][507.690s] GC(13) Archive regions: 2->2
[2021-11-11T11:46:48.804-0100][507.690s] GC(13) Humongous regions: 4->4
[2021-11-11T11:46:48.804-0100][507.690s] GC(13) Metaspace: 62364K->62364K(1105920K)
[2021-11-11T11:46:48.804-0100][507.691s] GC(13) Pause Young (Normal) (G1 Evacuation Pause) 355M->74M(512M) 8.177ms
[2021-11-11T11:46:48.805-0100][507.691s] GC(13) User=0.08s Sys=0.00s Real=0.01s
[2021-11-11T11:48:25.992-0100][604.876s] GC(14) Pause Young (Normal) (G1 Evacuation Pause)
[2021-11-11T11:48:25.992-0100][604.876s] GC(14) Using 10 workers of 10 for evacuation
[2021-11-11T11:48:26.003-0100][604.888s] GC(14)   Pre Evacuate Collection Set: 0.0ms
[2021-11-11T11:48:26.003-0100][604.888s] GC(14)   Evacuate Collection Set: 3.6ms
[2021-11-11T11:48:26.003-0100][604.888s] GC(14)   Post Evacuate Collection Set: 7.5ms
[2021-11-11T11:48:26.003-0100][604.888s] GC(14)   Other: 0.4ms
[2021-11-11T11:48:26.003-0100][604.888s] GC(14) Eden regions: 286->0(283)
[2021-11-11T11:48:26.003-0100][604.888s] GC(14) Survivor regions: 21->24(39)
[2021-11-11T11:48:26.003-0100][604.888s] GC(14) Old regions: 49->49
[2021-11-11T11:48:26.003-0100][604.888s] GC(14) Archive regions: 2->2
[2021-11-11T11:48:26.003-0100][604.888s] GC(14) Humongous regions: 4->4
[2021-11-11T11:48:26.004-0100][604.888s] GC(14) Metaspace: 63400K->63400K(1107968K)
[2021-11-11T11:48:26.004-0100][604.888s] GC(14) Pause Young (Normal) (G1 Evacuation Pause) 360M->76M(512M) 11.758ms
[2021-11-11T11:48:26.004-0100][604.888s] GC(14) User=0.08s Sys=0.01s Real=0.01s
[2021-11-11T11:48:26.981-0100][605.865s] GC(15) Pause Young (Normal) (G1 Evacuation Pause)
[2021-11-11T11:48:26.981-0100][605.865s] GC(15) Using 10 workers of 10 for evacuation
[2021-11-11T11:48:26.985-0100][605.869s] GC(15)   Pre Evacuate Collection Set: 0.0ms
[2021-11-11T11:48:26.985-0100][605.869s] GC(15)   Evacuate Collection Set: 3.3ms
[2021-11-11T11:48:26.985-0100][605.869s] GC(15)   Post Evacuate Collection Set: 0.4ms
[2021-11-11T11:48:26.985-0100][605.869s] GC(15)   Other: 0.2ms
[2021-11-11T11:48:26.985-0100][605.869s] GC(15) Eden regions: 283->0(287)
[2021-11-11T11:48:26.985-0100][605.869s] GC(15) Survivor regions: 24->20(39)
[2021-11-11T11:48:26.985-0100][605.869s] GC(15) Old regions: 49->49
[2021-11-11T11:48:26.985-0100][605.869s] GC(15) Archive regions: 2->2
[2021-11-11T11:48:26.985-0100][605.870s] GC(15) Humongous regions: 4->4
[2021-11-11T11:48:26.985-0100][605.870s] GC(15) Metaspace: 64200K->64200K(1107968K)
[2021-11-11T11:48:26.985-0100][605.870s] GC(15) Pause Young (Normal) (G1 Evacuation Pause) 359M->73M(512M) 4.137ms
[2021-11-11T11:48:26.985-0100][605.870s] GC(15) User=0.03s Sys=0.00s Real=0.00s
[2021-11-11T11:51:10.890-0100][769.772s] GC(16) Pause Young (Normal) (G1 Evacuation Pause)
[2021-11-11T11:51:10.891-0100][769.773s] GC(16) Using 10 workers of 10 for evacuation
[2021-11-11T11:51:10.896-0100][769.778s] GC(16)   Pre Evacuate Collection Set: 0.0ms
[2021-11-11T11:51:10.896-0100][769.778s] GC(16)   Evacuate Collection Set: 4.4ms
[2021-11-11T11:51:10.896-0100][769.778s] GC(16)   Post Evacuate Collection Set: 1.0ms
[2021-11-11T11:51:10.896-0100][769.779s] GC(16)   Other: 0.9ms
[2021-11-11T11:51:10.896-0100][769.779s] GC(16) Eden regions: 287->0(290)
[2021-11-11T11:51:10.896-0100][769.779s] GC(16) Survivor regions: 20->17(39)
[2021-11-11T11:51:10.896-0100][769.779s] GC(16) Old regions: 49->49
[2021-11-11T11:51:10.896-0100][769.779s] GC(16) Archive regions: 2->2
[2021-11-11T11:51:10.896-0100][769.779s] GC(16) Humongous regions: 4->4
[2021-11-11T11:51:10.896-0100][769.779s] GC(16) Metaspace: 65428K->65428K(1110016K)
[2021-11-11T11:51:10.896-0100][769.779s] GC(16) Pause Young (Normal) (G1 Evacuation Pause) 360M->70M(512M) 6.540ms
[2021-11-11T11:51:10.897-0100][769.779s] GC(16) User=0.04s Sys=0.00s Real=0.00s
[2021-11-11T12:37:33.897-0100][3552.727s] GC(17) Pause Young (Normal) (G1 Evacuation Pause)
[2021-11-11T12:37:33.897-0100][3552.727s] GC(17) Using 10 workers of 10 for evacuation
[2021-11-11T12:37:33.901-0100][3552.732s] GC(17)   Pre Evacuate Collection Set: 0.0ms
[2021-11-11T12:37:33.901-0100][3552.732s] GC(17)   Evacuate Collection Set: 3.6ms
[2021-11-11T12:37:33.901-0100][3552.732s] GC(17)   Post Evacuate Collection Set: 0.7ms
[2021-11-11T12:37:33.901-0100][3552.732s] GC(17)   Other: 0.3ms
[2021-11-11T12:37:33.901-0100][3552.732s] GC(17) Eden regions: 290->0(296)
[2021-11-11T12:37:33.901-0100][3552.732s] GC(17) Survivor regions: 17->11(39)
[2021-11-11T12:37:33.901-0100][3552.732s] GC(17) Old regions: 49->49
[2021-11-11T12:37:33.901-0100][3552.732s] GC(17) Archive regions: 2->2
[2021-11-11T12:37:33.901-0100][3552.732s] GC(17) Humongous regions: 7->7
[2021-11-11T12:37:33.902-0100][3552.732s] GC(17) Metaspace: 67925K->67925K(1112064K)
[2021-11-11T12:37:33.902-0100][3552.732s] GC(17) Pause Young (Normal) (G1 Evacuation Pause) 363M->67M(512M) 4.772ms
[2021-11-11T12:37:33.902-0100][3552.732s] GC(17) User=0.04s Sys=0.01s Real=0.01s
[2021-11-11T12:52:04.086-0100][4422.892s] Heap
[2021-11-11T12:52:04.086-0100][4422.892s]  garbage-first heap   total 524288K, used 177828K [0x00000007e0000000, 0x0000000800000000)
[2021-11-11T12:52:04.086-0100][4422.892s]   region size 1024K, 119 young (121856K), 11 survivors (11264K)
[2021-11-11T12:52:04.086-0100][4422.892s]  Metaspace       used 68652K, capacity 70768K, committed 70992K, reserved 1112064K
[2021-11-11T12:52:04.086-0100][4422.892s]   class space    used 7584K, capacity 8387K, committed 8448K, reserved 1048576K
