[2021-11-10T19:46:09.076-0100][0.010s] Heap region size: 1M
[2021-11-10T19:46:09.293-0100][0.227s] Using G1
[2021-11-10T19:46:09.293-0100][0.227s] Heap address: 0x00000007e0000000, size: 512 MB, Compressed Oops mode: Zero based, Oop shift amount: 3
[2021-11-10T19:46:09.293-0100][0.228s] Mark closed archive regions in map: [0x00000007fff00000, 0x00000007fff76ff8]
[2021-11-10T19:46:09.293-0100][0.228s] Mark open archive regions in map: [0x00000007ffe00000, 0x00000007ffe47ff8]
[2021-11-10T19:46:09.316-0100][0.250s] Periodic GC disabled
[2021-11-10T19:46:09.738-0100][0.672s] GC(0) Pause Young (Normal) (G1 Evacuation Pause)
[2021-11-10T19:46:09.739-0100][0.673s] GC(0) Using 10 workers of 10 for evacuation
[2021-11-10T19:46:09.747-0100][0.681s] GC(0)   Pre Evacuate Collection Set: 0.0ms
[2021-11-10T19:46:09.747-0100][0.681s] GC(0)   Evacuate Collection Set: 7.6ms
[2021-11-10T19:46:09.747-0100][0.681s] GC(0)   Post Evacuate Collection Set: 0.4ms
[2021-11-10T19:46:09.747-0100][0.681s] GC(0)   Other: 0.7ms
[2021-11-10T19:46:09.747-0100][0.681s] GC(0) Eden regions: 30->0(304)
[2021-11-10T19:46:09.747-0100][0.681s] GC(0) Survivor regions: 0->3(4)
[2021-11-10T19:46:09.747-0100][0.681s] GC(0) Old regions: 0->0
[2021-11-10T19:46:09.747-0100][0.681s] GC(0) Archive regions: 2->2
[2021-11-10T19:46:09.747-0100][0.681s] GC(0) Humongous regions: 0->0
[2021-11-10T19:46:09.747-0100][0.681s] GC(0) Metaspace: 6016K->6016K(1056768K)
[2021-11-10T19:46:09.747-0100][0.681s] GC(0) Pause Young (Normal) (G1 Evacuation Pause) 30M->3M(512M) 8.904ms
[2021-11-10T19:46:09.747-0100][0.681s] GC(0) User=0.03s Sys=0.01s Real=0.01s
[2021-11-10T19:46:10.765-0100][1.699s] GC(1) Pause Young (Concurrent Start) (Metadata GC Threshold)
[2021-11-10T19:46:10.765-0100][1.699s] GC(1) Using 10 workers of 10 for evacuation
[2021-11-10T19:46:10.775-0100][1.709s] GC(1)   Pre Evacuate Collection Set: 0.0ms
[2021-11-10T19:46:10.775-0100][1.709s] GC(1)   Evacuate Collection Set: 8.9ms
[2021-11-10T19:46:10.775-0100][1.709s] GC(1)   Post Evacuate Collection Set: 1.1ms
[2021-11-10T19:46:10.775-0100][1.710s] GC(1)   Other: 0.2ms
[2021-11-10T19:46:10.775-0100][1.710s] GC(1) Eden regions: 103->0(96)
[2021-11-10T19:46:10.775-0100][1.710s] GC(1) Survivor regions: 3->20(39)
[2021-11-10T19:46:10.775-0100][1.710s] GC(1) Old regions: 0->0
[2021-11-10T19:46:10.775-0100][1.710s] GC(1) Archive regions: 2->2
[2021-11-10T19:46:10.775-0100][1.710s] GC(1) Humongous regions: 4->4
[2021-11-10T19:46:10.775-0100][1.710s] GC(1) Metaspace: 20487K->20487K(1069056K)
[2021-11-10T19:46:10.775-0100][1.710s] GC(1) Pause Young (Concurrent Start) (Metadata GC Threshold) 109M->24M(512M) 10.336ms
[2021-11-10T19:46:10.775-0100][1.710s] GC(1) User=0.05s Sys=0.00s Real=0.01s
[2021-11-10T19:46:10.775-0100][1.710s] GC(2) Concurrent Cycle
[2021-11-10T19:46:10.775-0100][1.710s] GC(2) Concurrent Clear Claimed Marks
[2021-11-10T19:46:10.775-0100][1.710s] GC(2) Concurrent Clear Claimed Marks 0.021ms
[2021-11-10T19:46:10.775-0100][1.710s] GC(2) Concurrent Scan Root Regions
[2021-11-10T19:46:10.779-0100][1.713s] GC(2) Concurrent Scan Root Regions 3.222ms
[2021-11-10T19:46:10.779-0100][1.713s] GC(2) Concurrent Mark (1.713s)
[2021-11-10T19:46:10.779-0100][1.713s] GC(2) Concurrent Mark From Roots
[2021-11-10T19:46:10.779-0100][1.713s] GC(2) Using 3 workers of 3 for marking
[2021-11-10T19:46:10.785-0100][1.720s] GC(2) Concurrent Mark From Roots 6.493ms
[2021-11-10T19:46:10.785-0100][1.720s] GC(2) Concurrent Preclean
[2021-11-10T19:46:10.785-0100][1.720s] GC(2) Concurrent Preclean 0.033ms
[2021-11-10T19:46:10.785-0100][1.720s] GC(2) Concurrent Mark (1.713s, 1.720s) 6.609ms
[2021-11-10T19:46:10.785-0100][1.720s] GC(2) Pause Remark
[2021-11-10T19:46:10.786-0100][1.721s] GC(2) Pause Remark 24M->24M(512M) 0.913ms
[2021-11-10T19:46:10.786-0100][1.721s] GC(2) User=0.01s Sys=0.00s Real=0.00s
[2021-11-10T19:46:10.786-0100][1.721s] GC(2) Concurrent Rebuild Remembered Sets
[2021-11-10T19:46:10.788-0100][1.722s] GC(2) Concurrent Rebuild Remembered Sets 1.282ms
[2021-11-10T19:46:10.788-0100][1.722s] GC(2) Pause Cleanup
[2021-11-10T19:46:10.788-0100][1.723s] GC(2) Pause Cleanup 25M->25M(512M) 0.112ms
[2021-11-10T19:46:10.788-0100][1.723s] GC(2) User=0.00s Sys=0.00s Real=0.00s
[2021-11-10T19:46:10.788-0100][1.723s] GC(2) Concurrent Cleanup for Next Mark
[2021-11-10T19:46:10.789-0100][1.723s] GC(2) Concurrent Cleanup for Next Mark 0.753ms
[2021-11-10T19:46:10.789-0100][1.723s] GC(2) Concurrent Cycle 13.823ms
[2021-11-10T19:46:12.070-0100][3.004s] GC(3) Pause Young (Normal) (G1 Evacuation Pause)
[2021-11-10T19:46:12.070-0100][3.004s] GC(3) Using 10 workers of 10 for evacuation
[2021-11-10T19:46:12.080-0100][3.015s] GC(3)   Pre Evacuate Collection Set: 0.0ms
[2021-11-10T19:46:12.080-0100][3.015s] GC(3)   Evacuate Collection Set: 10.0ms
[2021-11-10T19:46:12.080-0100][3.015s] GC(3)   Post Evacuate Collection Set: 0.7ms
[2021-11-10T19:46:12.080-0100][3.015s] GC(3)   Other: 0.2ms
[2021-11-10T19:46:12.080-0100][3.015s] GC(3) Eden regions: 85->0(130)
[2021-11-10T19:46:12.080-0100][3.015s] GC(3) Survivor regions: 20->6(14)
[2021-11-10T19:46:12.080-0100][3.015s] GC(3) Old regions: 0->19
[2021-11-10T19:46:12.080-0100][3.015s] GC(3) Archive regions: 2->2
[2021-11-10T19:46:12.080-0100][3.015s] GC(3) Humongous regions: 4->4
[2021-11-10T19:46:12.080-0100][3.015s] GC(3) Metaspace: 30726K->30726K(1077248K)
[2021-11-10T19:46:12.080-0100][3.015s] GC(3) Pause Young (Normal) (G1 Evacuation Pause) 109M->28M(512M) 10.954ms
[2021-11-10T19:46:12.080-0100][3.015s] GC(3) User=0.09s Sys=0.00s Real=0.01s
[2021-11-10T19:46:17.143-0100][8.077s] GC(4) Pause Young (Concurrent Start) (Metadata GC Threshold)
[2021-11-10T19:46:17.147-0100][8.081s] GC(4) Using 10 workers of 10 for evacuation
[2021-11-10T19:46:17.151-0100][8.086s] GC(4)   Pre Evacuate Collection Set: 0.1ms
[2021-11-10T19:46:17.151-0100][8.086s] GC(4)   Evacuate Collection Set: 3.9ms
[2021-11-10T19:46:17.152-0100][8.086s] GC(4)   Post Evacuate Collection Set: 0.3ms
[2021-11-10T19:46:17.152-0100][8.086s] GC(4)   Other: 4.1ms
[2021-11-10T19:46:17.152-0100][8.086s] GC(4) Eden regions: 61->0(140)
[2021-11-10T19:46:17.152-0100][8.086s] GC(4) Survivor regions: 6->7(17)
[2021-11-10T19:46:17.152-0100][8.086s] GC(4) Old regions: 19->19
[2021-11-10T19:46:17.152-0100][8.086s] GC(4) Archive regions: 2->2
[2021-11-10T19:46:17.152-0100][8.086s] GC(4) Humongous regions: 4->4
[2021-11-10T19:46:17.152-0100][8.086s] GC(4) Metaspace: 34927K->34927K(1081344K)
[2021-11-10T19:46:17.152-0100][8.086s] GC(4) Pause Young (Concurrent Start) (Metadata GC Threshold) 89M->29M(512M) 8.515ms
[2021-11-10T19:46:17.152-0100][8.086s] GC(4) User=0.02s Sys=0.00s Real=0.01s
[2021-11-10T19:46:17.152-0100][8.086s] GC(5) Concurrent Cycle
[2021-11-10T19:46:17.152-0100][8.086s] GC(5) Concurrent Clear Claimed Marks
[2021-11-10T19:46:17.152-0100][8.086s] GC(5) Concurrent Clear Claimed Marks 0.025ms
[2021-11-10T19:46:17.152-0100][8.086s] GC(5) Concurrent Scan Root Regions
[2021-11-10T19:46:17.153-0100][8.088s] GC(5) Concurrent Scan Root Regions 1.559ms
[2021-11-10T19:46:17.153-0100][8.088s] GC(5) Concurrent Mark (8.088s)
[2021-11-10T19:46:17.153-0100][8.088s] GC(5) Concurrent Mark From Roots
[2021-11-10T19:46:17.153-0100][8.088s] GC(5) Using 3 workers of 3 for marking
[2021-11-10T19:46:17.161-0100][8.096s] GC(5) Concurrent Mark From Roots 7.894ms
[2021-11-10T19:46:17.175-0100][8.109s] GC(5) Concurrent Preclean
[2021-11-10T19:46:17.175-0100][8.109s] GC(5) Concurrent Preclean 0.094ms
[2021-11-10T19:46:17.175-0100][8.109s] GC(5) Concurrent Mark (8.088s, 8.109s) 21.591ms
[2021-11-10T19:46:17.175-0100][8.109s] GC(5) Pause Remark
[2021-11-10T19:46:17.176-0100][8.110s] GC(5) Pause Remark 36M->36M(512M) 1.094ms
[2021-11-10T19:46:17.176-0100][8.110s] GC(5) User=0.01s Sys=0.00s Real=0.00s
[2021-11-10T19:46:17.176-0100][8.111s] GC(5) Concurrent Rebuild Remembered Sets
[2021-11-10T19:46:17.182-0100][8.116s] GC(5) Concurrent Rebuild Remembered Sets 5.231ms
[2021-11-10T19:46:17.198-0100][8.132s] GC(5) Pause Cleanup
[2021-11-10T19:46:17.198-0100][8.132s] GC(5) Pause Cleanup 38M->38M(512M) 0.190ms
[2021-11-10T19:46:17.198-0100][8.132s] GC(5) User=0.00s Sys=0.00s Real=0.00s
[2021-11-10T19:46:17.198-0100][8.133s] GC(5) Concurrent Cleanup for Next Mark
[2021-11-10T19:46:17.199-0100][8.133s] GC(5) Concurrent Cleanup for Next Mark 0.893ms
[2021-11-10T19:46:17.199-0100][8.133s] GC(5) Concurrent Cycle 47.544ms
[2021-11-10T19:46:59.239-0100][50.173s] GC(6) Pause Young (Normal) (G1 Evacuation Pause)
[2021-11-10T19:46:59.239-0100][50.173s] GC(6) Using 10 workers of 10 for evacuation
[2021-11-10T19:46:59.245-0100][50.179s] GC(6)   Pre Evacuate Collection Set: 0.0ms
[2021-11-10T19:46:59.246-0100][50.179s] GC(6)   Evacuate Collection Set: 4.7ms
[2021-11-10T19:46:59.246-0100][50.179s] GC(6)   Post Evacuate Collection Set: 1.0ms
[2021-11-10T19:46:59.246-0100][50.179s] GC(6)   Other: 0.6ms
[2021-11-10T19:46:59.246-0100][50.179s] GC(6) Eden regions: 140->0(177)
[2021-11-10T19:46:59.246-0100][50.179s] GC(6) Survivor regions: 7->15(19)
[2021-11-10T19:46:59.246-0100][50.179s] GC(6) Old regions: 19->19
[2021-11-10T19:46:59.246-0100][50.179s] GC(6) Archive regions: 2->2
[2021-11-10T19:46:59.246-0100][50.179s] GC(6) Humongous regions: 5->4
[2021-11-10T19:46:59.246-0100][50.179s] GC(6) Metaspace: 45746K->45746K(1091584K)
[2021-11-10T19:46:59.246-0100][50.179s] GC(6) Pause Young (Normal) (G1 Evacuation Pause) 170M->37M(512M) 6.645ms
[2021-11-10T19:46:59.246-0100][50.179s] GC(6) User=0.05s Sys=0.00s Real=0.01s
[2021-11-10T19:46:59.974-0100][50.907s] GC(7) Pause Young (Normal) (G1 Evacuation Pause)
[2021-11-10T19:46:59.974-0100][50.907s] GC(7) Using 10 workers of 10 for evacuation
[2021-11-10T19:46:59.979-0100][50.913s] GC(7)   Pre Evacuate Collection Set: 0.0ms
[2021-11-10T19:46:59.979-0100][50.913s] GC(7)   Evacuate Collection Set: 4.9ms
[2021-11-10T19:46:59.979-0100][50.913s] GC(7)   Post Evacuate Collection Set: 0.6ms
[2021-11-10T19:46:59.979-0100][50.913s] GC(7)   Other: 0.2ms
[2021-11-10T19:46:59.979-0100][50.913s] GC(7) Eden regions: 177->0(238)
[2021-11-10T19:46:59.979-0100][50.913s] GC(7) Survivor regions: 15->15(24)
[2021-11-10T19:46:59.979-0100][50.913s] GC(7) Old regions: 19->23
[2021-11-10T19:46:59.979-0100][50.913s] GC(7) Archive regions: 2->2
[2021-11-10T19:46:59.979-0100][50.913s] GC(7) Humongous regions: 4->4
[2021-11-10T19:46:59.979-0100][50.913s] GC(7) Metaspace: 51218K->51218K(1095680K)
[2021-11-10T19:46:59.979-0100][50.913s] GC(7) Pause Young (Normal) (G1 Evacuation Pause) 214M->41M(512M) 5.762ms
[2021-11-10T19:46:59.979-0100][50.913s] GC(7) User=0.05s Sys=0.00s Real=0.00s
[2021-11-11T05:09:55.644-0100][1597.375s] GC(8) Pause Young (Normal) (G1 Evacuation Pause)
[2021-11-11T05:09:55.646-0100][1597.376s] GC(8) Using 10 workers of 10 for evacuation
[2021-11-11T05:09:55.778-0100][1597.507s] GC(8)   Pre Evacuate Collection Set: 1.0ms
[2021-11-11T05:09:55.778-0100][1597.507s] GC(8)   Evacuate Collection Set: 104.3ms
[2021-11-11T05:09:55.778-0100][1597.507s] GC(8)   Post Evacuate Collection Set: 7.2ms
[2021-11-11T05:09:55.778-0100][1597.507s] GC(8)   Other: 27.9ms
[2021-11-11T05:09:55.778-0100][1597.508s] GC(8) Eden regions: 236->0(281)
[2021-11-11T05:09:55.778-0100][1597.508s] GC(8) Survivor regions: 15->26(32)
[2021-11-11T05:09:55.778-0100][1597.508s] GC(8) Old regions: 23->23
[2021-11-11T05:09:55.778-0100][1597.508s] GC(8) Archive regions: 2->2
[2021-11-11T05:09:55.778-0100][1597.508s] GC(8) Humongous regions: 4->4
[2021-11-11T05:09:55.778-0100][1597.508s] GC(8) Metaspace: 56862K->56862K(1101824K)
[2021-11-11T05:09:55.779-0100][1597.509s] GC(8) Pause Young (Normal) (G1 Evacuation Pause) 277M->53M(512M) 135.844ms
[2021-11-11T05:09:55.779-0100][1597.509s] GC(8) User=0.11s Sys=0.50s Real=0.13s
[2021-11-11T11:18:42.074-0100][3670.335s] GC(9) Pause Young (Concurrent Start) (Metadata GC Threshold)
[2021-11-11T11:18:42.074-0100][3670.335s] GC(9) Using 10 workers of 10 for evacuation
[2021-11-11T11:18:42.114-0100][3670.375s] GC(9)   Pre Evacuate Collection Set: 0.6ms
[2021-11-11T11:18:42.114-0100][3670.375s] GC(9)   Evacuate Collection Set: 35.8ms
[2021-11-11T11:18:42.114-0100][3670.375s] GC(9)   Post Evacuate Collection Set: 1.9ms
[2021-11-11T11:18:42.114-0100][3670.375s] GC(9)   Other: 2.8ms
[2021-11-11T11:18:42.115-0100][3670.375s] GC(9) Eden regions: 277->0(289)
[2021-11-11T11:18:42.115-0100][3670.375s] GC(9) Survivor regions: 26->18(39)
[2021-11-11T11:18:42.115-0100][3670.375s] GC(9) Old regions: 23->32
[2021-11-11T11:18:42.115-0100][3670.375s] GC(9) Archive regions: 2->2
[2021-11-11T11:18:42.115-0100][3670.375s] GC(9) Humongous regions: 7->7
[2021-11-11T11:18:42.115-0100][3670.375s] GC(9) Metaspace: 58630K->58630K(1101824K)
[2021-11-11T11:18:42.115-0100][3670.375s] GC(9) Pause Young (Concurrent Start) (Metadata GC Threshold) 332M->57M(512M) 41.248ms
[2021-11-11T11:18:42.115-0100][3670.375s] GC(9) User=0.07s Sys=0.11s Real=0.04s
[2021-11-11T11:18:42.115-0100][3670.376s] GC(10) Concurrent Cycle
[2021-11-11T11:18:42.115-0100][3670.376s] GC(10) Concurrent Clear Claimed Marks
[2021-11-11T11:18:42.115-0100][3670.376s] GC(10) Concurrent Clear Claimed Marks 0.109ms
[2021-11-11T11:18:42.115-0100][3670.376s] GC(10) Concurrent Scan Root Regions
[2021-11-11T11:18:42.121-0100][3670.382s] GC(10) Concurrent Scan Root Regions 6.057ms
[2021-11-11T11:18:42.121-0100][3670.382s] GC(10) Concurrent Mark (3670.382s)
[2021-11-11T11:18:42.121-0100][3670.382s] GC(10) Concurrent Mark From Roots
[2021-11-11T11:18:42.121-0100][3670.382s] GC(10) Using 3 workers of 3 for marking
[2021-11-11T11:18:42.146-0100][3670.406s] GC(10) Concurrent Mark From Roots 24.708ms
[2021-11-11T11:18:42.146-0100][3670.407s] GC(10) Concurrent Preclean
[2021-11-11T11:18:42.146-0100][3670.407s] GC(10) Concurrent Preclean 0.233ms
[2021-11-11T11:18:42.146-0100][3670.407s] GC(10) Concurrent Mark (3670.382s, 3670.407s) 25.012ms
[2021-11-11T11:18:42.146-0100][3670.407s] GC(10) Pause Remark
[2021-11-11T11:18:42.181-0100][3670.441s] GC(10) Pause Remark 60M->60M(512M) 34.207ms
[2021-11-11T11:18:42.181-0100][3670.441s] GC(10) User=0.07s Sys=0.13s Real=0.04s
[2021-11-11T11:18:42.181-0100][3670.441s] GC(10) Concurrent Rebuild Remembered Sets
[2021-11-11T11:18:42.196-0100][3670.457s] GC(10) Concurrent Rebuild Remembered Sets 15.386ms
[2021-11-11T11:18:42.196-0100][3670.457s] GC(10) Pause Cleanup
[2021-11-11T11:18:42.197-0100][3670.457s] GC(10) Pause Cleanup 60M->60M(512M) 0.170ms
[2021-11-11T11:18:42.197-0100][3670.457s] GC(10) User=0.00s Sys=0.00s Real=0.00s
[2021-11-11T11:18:42.197-0100][3670.457s] GC(10) Concurrent Cleanup for Next Mark
[2021-11-11T11:18:42.201-0100][3670.461s] GC(10) Concurrent Cleanup for Next Mark 4.036ms
[2021-11-11T11:18:42.201-0100][3670.461s] GC(10) Concurrent Cycle 85.964ms
[2021-11-11T11:28:20.744-0100][4248.998s] GC(11) Pause Young (Concurrent Start) (G1 Evacuation Pause)
[2021-11-11T11:28:20.744-0100][4248.999s] GC(11) Using 10 workers of 10 for evacuation
[2021-11-11T11:28:20.762-0100][4249.017s] GC(11)   Pre Evacuate Collection Set: 0.2ms
[2021-11-11T11:28:20.762-0100][4249.017s] GC(11)   Evacuate Collection Set: 16.7ms
[2021-11-11T11:28:20.762-0100][4249.017s] GC(11)   Post Evacuate Collection Set: 1.2ms
[2021-11-11T11:28:20.762-0100][4249.017s] GC(11)   Other: 0.4ms
[2021-11-11T11:28:20.762-0100][4249.017s] GC(11) Eden regions: 289->0(284)
[2021-11-11T11:28:20.762-0100][4249.017s] GC(11) Survivor regions: 18->23(39)
[2021-11-11T11:28:20.762-0100][4249.017s] GC(11) Old regions: 32->32
[2021-11-11T11:28:20.762-0100][4249.017s] GC(11) Archive regions: 2->2
[2021-11-11T11:28:20.762-0100][4249.017s] GC(11) Humongous regions: 7->7
[2021-11-11T11:28:20.762-0100][4249.017s] GC(11) Metaspace: 62714K->62714K(1105920K)
[2021-11-11T11:28:20.762-0100][4249.017s] GC(11) Pause Young (Concurrent Start) (G1 Evacuation Pause) 346M->61M(512M) 18.717ms
[2021-11-11T11:28:20.762-0100][4249.017s] GC(11) User=0.07s Sys=0.01s Real=0.02s
[2021-11-11T11:28:20.763-0100][4249.017s] GC(12) Concurrent Cycle
[2021-11-11T11:28:20.763-0100][4249.017s] GC(12) Concurrent Clear Claimed Marks
[2021-11-11T11:28:20.763-0100][4249.017s] GC(12) Concurrent Clear Claimed Marks 0.161ms
[2021-11-11T11:28:20.763-0100][4249.018s] GC(12) Concurrent Scan Root Regions
[2021-11-11T11:28:20.768-0100][4249.023s] GC(12) Concurrent Scan Root Regions 5.204ms
[2021-11-11T11:28:20.768-0100][4249.023s] GC(12) Concurrent Mark (4249.023s)
[2021-11-11T11:28:20.768-0100][4249.023s] GC(12) Concurrent Mark From Roots
[2021-11-11T11:28:20.768-0100][4249.023s] GC(12) Using 3 workers of 3 for marking
[2021-11-11T11:28:20.786-0100][4249.040s] GC(12) Concurrent Mark From Roots 17.557ms
[2021-11-11T11:28:20.786-0100][4249.040s] GC(12) Concurrent Preclean
[2021-11-11T11:28:20.786-0100][4249.041s] GC(12) Concurrent Preclean 0.268ms
[2021-11-11T11:28:20.786-0100][4249.041s] GC(12) Concurrent Mark (4249.023s, 4249.041s) 17.960ms
[2021-11-11T11:28:20.786-0100][4249.041s] GC(12) Pause Remark
[2021-11-11T11:28:20.792-0100][4249.047s] GC(12) Pause Remark 64M->64M(512M) 5.905ms
[2021-11-11T11:28:20.792-0100][4249.047s] GC(12) User=0.04s Sys=0.00s Real=0.01s
[2021-11-11T11:28:20.792-0100][4249.047s] GC(12) Concurrent Rebuild Remembered Sets
[2021-11-11T11:28:20.803-0100][4249.058s] GC(12) Concurrent Rebuild Remembered Sets 11.202ms
[2021-11-11T11:28:20.804-0100][4249.059s] GC(12) Pause Cleanup
[2021-11-11T11:28:20.804-0100][4249.059s] GC(12) Pause Cleanup 65M->65M(512M) 0.219ms
[2021-11-11T11:28:20.804-0100][4249.059s] GC(12) User=0.00s Sys=0.00s Real=0.00s
[2021-11-11T11:28:20.804-0100][4249.059s] GC(12) Concurrent Cleanup for Next Mark
[2021-11-11T11:28:20.808-0100][4249.063s] GC(12) Concurrent Cleanup for Next Mark 3.338ms
[2021-11-11T11:28:20.808-0100][4249.063s] GC(12) Concurrent Cycle 45.265ms
[2021-11-11T11:34:59.849-0100][4648.122s] Heap
[2021-11-11T11:34:59.849-0100][4648.122s]  garbage-first heap   total 524288K, used 163822K [0x00000007e0000000, 0x0000000800000000)
[2021-11-11T11:34:59.849-0100][4648.122s]   region size 1024K, 123 young (125952K), 23 survivors (23552K)
[2021-11-11T11:34:59.849-0100][4648.122s]  Metaspace       used 63043K, capacity 64741K, committed 65156K, reserved 1107968K
[2021-11-11T11:34:59.849-0100][4648.122s]   class space    used 7072K, capacity 7703K, committed 7756K, reserved 1048576K
