[2021-11-11T12:57:59.190-0100][0.010s] Heap region size: 1M
[2021-11-11T12:57:59.371-0100][0.191s] Using G1
[2021-11-11T12:57:59.371-0100][0.191s] Heap address: 0x00000007e0000000, size: 512 MB, Compressed Oops mode: Zero based, Oop shift amount: 3
[2021-11-11T12:57:59.372-0100][0.192s] Mark closed archive regions in map: [0x00000007fff00000, 0x00000007fff76ff8]
[2021-11-11T12:57:59.372-0100][0.192s] Mark open archive regions in map: [0x00000007ffe00000, 0x00000007ffe47ff8]
[2021-11-11T12:57:59.390-0100][0.210s] Periodic GC disabled
[2021-11-11T12:57:59.720-0100][0.540s] GC(0) Pause Young (Normal) (G1 Evacuation Pause)
[2021-11-11T12:57:59.720-0100][0.540s] GC(0) Using 10 workers of 10 for evacuation
[2021-11-11T12:57:59.726-0100][0.546s] GC(0)   Pre Evacuate Collection Set: 0.0ms
[2021-11-11T12:57:59.726-0100][0.546s] GC(0)   Evacuate Collection Set: 5.5ms
[2021-11-11T12:57:59.726-0100][0.546s] GC(0)   Post Evacuate Collection Set: 0.2ms
[2021-11-11T12:57:59.726-0100][0.546s] GC(0)   Other: 0.4ms
[2021-11-11T12:57:59.726-0100][0.546s] GC(0) Eden regions: 30->0(304)
[2021-11-11T12:57:59.726-0100][0.546s] GC(0) Survivor regions: 0->3(4)
[2021-11-11T12:57:59.726-0100][0.546s] GC(0) Old regions: 0->0
[2021-11-11T12:57:59.726-0100][0.546s] GC(0) Archive regions: 2->2
[2021-11-11T12:57:59.726-0100][0.546s] GC(0) Humongous regions: 0->0
[2021-11-11T12:57:59.726-0100][0.546s] GC(0) Metaspace: 5996K->5996K(1056768K)
[2021-11-11T12:57:59.726-0100][0.546s] GC(0) Pause Young (Normal) (G1 Evacuation Pause) 30M->3M(512M) 6.257ms
[2021-11-11T12:57:59.726-0100][0.546s] GC(0) User=0.03s Sys=0.01s Real=0.00s
[2021-11-11T12:58:00.623-0100][1.443s] GC(1) Pause Young (Concurrent Start) (Metadata GC Threshold)
[2021-11-11T12:58:00.623-0100][1.443s] GC(1) Using 10 workers of 10 for evacuation
[2021-11-11T12:58:00.633-0100][1.453s] GC(1)   Pre Evacuate Collection Set: 0.0ms
[2021-11-11T12:58:00.633-0100][1.453s] GC(1)   Evacuate Collection Set: 9.5ms
[2021-11-11T12:58:00.633-0100][1.453s] GC(1)   Post Evacuate Collection Set: 0.8ms
[2021-11-11T12:58:00.633-0100][1.453s] GC(1)   Other: 0.3ms
[2021-11-11T12:58:00.633-0100][1.453s] GC(1) Eden regions: 100->0(96)
[2021-11-11T12:58:00.633-0100][1.453s] GC(1) Survivor regions: 3->20(39)
[2021-11-11T12:58:00.633-0100][1.453s] GC(1) Old regions: 0->0
[2021-11-11T12:58:00.633-0100][1.453s] GC(1) Archive regions: 2->2
[2021-11-11T12:58:00.633-0100][1.453s] GC(1) Humongous regions: 4->4
[2021-11-11T12:58:00.633-0100][1.453s] GC(1) Metaspace: 20545K->20545K(1069056K)
[2021-11-11T12:58:00.633-0100][1.453s] GC(1) Pause Young (Concurrent Start) (Metadata GC Threshold) 107M->24M(512M) 10.764ms
[2021-11-11T12:58:00.633-0100][1.453s] GC(1) User=0.05s Sys=0.00s Real=0.01s
[2021-11-11T12:58:00.633-0100][1.453s] GC(2) Concurrent Cycle
[2021-11-11T12:58:00.633-0100][1.453s] GC(2) Concurrent Clear Claimed Marks
[2021-11-11T12:58:00.633-0100][1.453s] GC(2) Concurrent Clear Claimed Marks 0.019ms
[2021-11-11T12:58:00.633-0100][1.453s] GC(2) Concurrent Scan Root Regions
[2021-11-11T12:58:00.637-0100][1.457s] GC(2) Concurrent Scan Root Regions 3.122ms
[2021-11-11T12:58:00.637-0100][1.457s] GC(2) Concurrent Mark (1.457s)
[2021-11-11T12:58:00.637-0100][1.457s] GC(2) Concurrent Mark From Roots
[2021-11-11T12:58:00.637-0100][1.457s] GC(2) Using 3 workers of 3 for marking
[2021-11-11T12:58:00.642-0100][1.462s] GC(2) Concurrent Mark From Roots 5.504ms
[2021-11-11T12:58:00.642-0100][1.462s] GC(2) Concurrent Preclean
[2021-11-11T12:58:00.642-0100][1.462s] GC(2) Concurrent Preclean 0.206ms
[2021-11-11T12:58:00.643-0100][1.463s] GC(2) Concurrent Mark (1.457s, 1.462s) 5.841ms
[2021-11-11T12:58:00.643-0100][1.463s] GC(2) Pause Remark
[2021-11-11T12:58:00.644-0100][1.464s] GC(2) Pause Remark 24M->24M(512M) 0.899ms
[2021-11-11T12:58:00.644-0100][1.464s] GC(2) User=0.00s Sys=0.00s Real=0.00s
[2021-11-11T12:58:00.644-0100][1.464s] GC(2) Concurrent Rebuild Remembered Sets
[2021-11-11T12:58:00.647-0100][1.467s] GC(2) Concurrent Rebuild Remembered Sets 2.578ms
[2021-11-11T12:58:00.647-0100][1.467s] GC(2) Pause Cleanup
[2021-11-11T12:58:00.647-0100][1.467s] GC(2) Pause Cleanup 24M->24M(512M) 0.118ms
[2021-11-11T12:58:00.647-0100][1.467s] GC(2) User=0.00s Sys=0.00s Real=0.00s
[2021-11-11T12:58:00.647-0100][1.467s] GC(2) Concurrent Cleanup for Next Mark
[2021-11-11T12:58:00.648-0100][1.468s] GC(2) Concurrent Cleanup for Next Mark 0.766ms
[2021-11-11T12:58:00.648-0100][1.468s] GC(2) Concurrent Cycle 14.409ms
[2021-11-11T12:58:01.270-0100][2.090s] GC(3) Pause Young (Normal) (G1 Evacuation Pause)
[2021-11-11T12:58:01.270-0100][2.090s] GC(3) Using 10 workers of 10 for evacuation
[2021-11-11T12:58:01.280-0100][2.100s] GC(3)   Pre Evacuate Collection Set: 0.0ms
[2021-11-11T12:58:01.280-0100][2.100s] GC(3)   Evacuate Collection Set: 8.8ms
[2021-11-11T12:58:01.280-0100][2.100s] GC(3)   Post Evacuate Collection Set: 0.6ms
[2021-11-11T12:58:01.280-0100][2.100s] GC(3)   Other: 0.1ms
[2021-11-11T12:58:01.280-0100][2.100s] GC(3) Eden regions: 83->0(130)
[2021-11-11T12:58:01.280-0100][2.100s] GC(3) Survivor regions: 20->5(13)
[2021-11-11T12:58:01.280-0100][2.100s] GC(3) Old regions: 0->19
[2021-11-11T12:58:01.280-0100][2.100s] GC(3) Archive regions: 2->2
[2021-11-11T12:58:01.280-0100][2.100s] GC(3) Humongous regions: 4->4
[2021-11-11T12:58:01.280-0100][2.100s] GC(3) Metaspace: 30970K->30970K(1077248K)
[2021-11-11T12:58:01.280-0100][2.100s] GC(3) Pause Young (Normal) (G1 Evacuation Pause) 107M->27M(512M) 9.594ms
[2021-11-11T12:58:01.280-0100][2.100s] GC(3) User=0.09s Sys=0.00s Real=0.01s
[2021-11-11T13:00:55.973-0100][176.808s] GC(4) Pause Young (Concurrent Start) (Metadata GC Threshold)
[2021-11-11T13:00:55.973-0100][176.808s] GC(4) Using 10 workers of 10 for evacuation
[2021-11-11T13:00:55.978-0100][176.813s] GC(4)   Pre Evacuate Collection Set: 0.1ms
[2021-11-11T13:00:55.978-0100][176.813s] GC(4)   Evacuate Collection Set: 4.4ms
[2021-11-11T13:00:55.978-0100][176.813s] GC(4)   Post Evacuate Collection Set: 0.2ms
[2021-11-11T13:00:55.978-0100][176.813s] GC(4)   Other: 0.2ms
[2021-11-11T13:00:55.978-0100][176.813s] GC(4) Eden regions: 33->0(117)
[2021-11-11T13:00:55.978-0100][176.813s] GC(4) Survivor regions: 5->7(17)
[2021-11-11T13:00:55.978-0100][176.813s] GC(4) Old regions: 19->19
[2021-11-11T13:00:55.978-0100][176.813s] GC(4) Archive regions: 2->2
[2021-11-11T13:00:55.978-0100][176.813s] GC(4) Humongous regions: 4->4
[2021-11-11T13:00:55.978-0100][176.813s] GC(4) Metaspace: 34840K->34840K(1081344K)
[2021-11-11T13:00:55.978-0100][176.813s] GC(4) Pause Young (Concurrent Start) (Metadata GC Threshold) 60M->29M(512M) 4.925ms
[2021-11-11T13:00:55.978-0100][176.813s] GC(4) User=0.01s Sys=0.00s Real=0.00s
[2021-11-11T13:00:55.978-0100][176.813s] GC(5) Concurrent Cycle
[2021-11-11T13:00:55.978-0100][176.813s] GC(5) Concurrent Clear Claimed Marks
[2021-11-11T13:00:55.978-0100][176.813s] GC(5) Concurrent Clear Claimed Marks 0.023ms
[2021-11-11T13:00:55.978-0100][176.813s] GC(5) Concurrent Scan Root Regions
[2021-11-11T13:00:55.980-0100][176.815s] GC(5) Concurrent Scan Root Regions 1.478ms
[2021-11-11T13:00:55.980-0100][176.815s] GC(5) Concurrent Mark (176.815s)
[2021-11-11T13:00:55.980-0100][176.815s] GC(5) Concurrent Mark From Roots
[2021-11-11T13:00:55.980-0100][176.815s] GC(5) Using 3 workers of 3 for marking
[2021-11-11T13:00:55.992-0100][176.827s] GC(5) Concurrent Mark From Roots 11.882ms
[2021-11-11T13:00:55.992-0100][176.827s] GC(5) Concurrent Preclean
[2021-11-11T13:00:55.992-0100][176.827s] GC(5) Concurrent Preclean 0.106ms
[2021-11-11T13:00:55.992-0100][176.827s] GC(5) Concurrent Mark (176.815s, 176.827s) 12.078ms
[2021-11-11T13:00:55.992-0100][176.827s] GC(5) Pause Remark
[2021-11-11T13:00:55.993-0100][176.828s] GC(5) Pause Remark 30M->30M(512M) 1.135ms
[2021-11-11T13:00:55.993-0100][176.828s] GC(5) User=0.01s Sys=0.00s Real=0.00s
[2021-11-11T13:00:55.993-0100][176.828s] GC(5) Concurrent Rebuild Remembered Sets
[2021-11-11T13:00:56.001-0100][176.836s] GC(5) Concurrent Rebuild Remembered Sets 7.747ms
[2021-11-11T13:00:56.001-0100][176.836s] GC(5) Pause Cleanup
[2021-11-11T13:00:56.001-0100][176.836s] GC(5) Pause Cleanup 31M->31M(512M) 0.158ms
[2021-11-11T13:00:56.001-0100][176.836s] GC(5) User=0.01s Sys=0.00s Real=0.00s
[2021-11-11T13:00:56.002-0100][176.836s] GC(5) Concurrent Cleanup for Next Mark
[2021-11-11T13:00:56.002-0100][176.837s] GC(5) Concurrent Cleanup for Next Mark 0.934ms
[2021-11-11T13:00:56.003-0100][176.837s] GC(5) Concurrent Cycle 24.268ms
[2021-11-11T13:00:56.693-0100][177.528s] GC(6) Pause Young (Normal) (G1 Evacuation Pause)
[2021-11-11T13:00:56.693-0100][177.528s] GC(6) Using 10 workers of 10 for evacuation
[2021-11-11T13:00:56.697-0100][177.532s] GC(6)   Pre Evacuate Collection Set: 0.0ms
[2021-11-11T13:00:56.697-0100][177.532s] GC(6)   Evacuate Collection Set: 3.4ms
[2021-11-11T13:00:56.697-0100][177.532s] GC(6)   Post Evacuate Collection Set: 0.5ms
[2021-11-11T13:00:56.697-0100][177.532s] GC(6)   Other: 0.2ms
[2021-11-11T13:00:56.697-0100][177.532s] GC(6) Eden regions: 122->0(296)
[2021-11-11T13:00:56.697-0100][177.532s] GC(6) Survivor regions: 7->11(17)
[2021-11-11T13:00:56.697-0100][177.532s] GC(6) Old regions: 19->19
[2021-11-11T13:00:56.697-0100][177.532s] GC(6) Archive regions: 2->2
[2021-11-11T13:00:56.697-0100][177.532s] GC(6) Humongous regions: 5->4
[2021-11-11T13:00:56.697-0100][177.532s] GC(6) Metaspace: 43557K->43557K(1089536K)
[2021-11-11T13:00:56.697-0100][177.532s] GC(6) Pause Young (Normal) (G1 Evacuation Pause) 152M->33M(512M) 4.227ms
[2021-11-11T13:00:56.697-0100][177.532s] GC(6) User=0.04s Sys=0.00s Real=0.00s
[2021-11-11T13:01:58.638-0100][239.474s] GC(7) Pause Young (Normal) (G1 Evacuation Pause)
[2021-11-11T13:01:58.638-0100][239.474s] GC(7) Using 10 workers of 10 for evacuation
[2021-11-11T13:01:58.646-0100][239.481s] GC(7)   Pre Evacuate Collection Set: 0.0ms
[2021-11-11T13:01:58.646-0100][239.482s] GC(7)   Evacuate Collection Set: 6.3ms
[2021-11-11T13:01:58.646-0100][239.482s] GC(7)   Post Evacuate Collection Set: 1.0ms
[2021-11-11T13:01:58.646-0100][239.482s] GC(7)   Other: 0.2ms
[2021-11-11T13:01:58.646-0100][239.482s] GC(7) Eden regions: 296->0(281)
[2021-11-11T13:01:58.646-0100][239.482s] GC(7) Survivor regions: 11->26(39)
[2021-11-11T13:01:58.646-0100][239.482s] GC(7) Old regions: 19->19
[2021-11-11T13:01:58.646-0100][239.482s] GC(7) Archive regions: 2->2
[2021-11-11T13:01:58.646-0100][239.482s] GC(7) Humongous regions: 7->7
[2021-11-11T13:01:58.646-0100][239.482s] GC(7) Metaspace: 49817K->49817K(1093632K)
[2021-11-11T13:01:58.646-0100][239.482s] GC(7) Pause Young (Normal) (G1 Evacuation Pause) 332M->51M(512M) 7.675ms
[2021-11-11T13:01:58.646-0100][239.482s] GC(7) User=0.08s Sys=0.00s Real=0.01s
[2021-11-11T13:07:37.612-0100][578.437s] Heap
[2021-11-11T13:07:37.612-0100][578.437s]  garbage-first heap   total 524288K, used 335214K [0x00000007e0000000, 0x0000000800000000)
[2021-11-11T13:07:37.612-0100][578.437s]   region size 1024K, 303 young (310272K), 26 survivors (26624K)
[2021-11-11T13:07:37.612-0100][578.437s]  Metaspace       used 53381K, capacity 54646K, committed 54832K, reserved 1097728K
[2021-11-11T13:07:37.612-0100][578.437s]   class space    used 6223K, capacity 6738K, committed 6784K, reserved 1048576K
