[2021-11-13T12:59:47.209-0100][0.010s] Heap region size: 1M
[2021-11-13T12:59:47.390-0100][0.191s] Using G1
[2021-11-13T12:59:47.390-0100][0.191s] Heap address: 0x00000007e0000000, size: 512 MB, Compressed Oops mode: Zero based, Oop shift amount: 3
[2021-11-13T12:59:47.390-0100][0.192s] Mark closed archive regions in map: [0x00000007fff00000, 0x00000007fff76ff8]
[2021-11-13T12:59:47.390-0100][0.192s] Mark open archive regions in map: [0x00000007ffe00000, 0x00000007ffe47ff8]
[2021-11-13T12:59:47.409-0100][0.210s] Periodic GC disabled
[2021-11-13T12:59:47.723-0100][0.525s] GC(0) Pause Young (Normal) (G1 Evacuation Pause)
[2021-11-13T12:59:47.724-0100][0.526s] GC(0) Using 10 workers of 10 for evacuation
[2021-11-13T12:59:47.730-0100][0.532s] GC(0)   Pre Evacuate Collection Set: 0.0ms
[2021-11-13T12:59:47.730-0100][0.532s] GC(0)   Evacuate Collection Set: 6.1ms
[2021-11-13T12:59:47.730-0100][0.532s] GC(0)   Post Evacuate Collection Set: 0.3ms
[2021-11-13T12:59:47.730-0100][0.532s] GC(0)   Other: 0.6ms
[2021-11-13T12:59:47.730-0100][0.532s] GC(0) Eden regions: 30->0(304)
[2021-11-13T12:59:47.730-0100][0.532s] GC(0) Survivor regions: 0->3(4)
[2021-11-13T12:59:47.730-0100][0.532s] GC(0) Old regions: 0->0
[2021-11-13T12:59:47.730-0100][0.532s] GC(0) Archive regions: 2->2
[2021-11-13T12:59:47.730-0100][0.532s] GC(0) Humongous regions: 0->0
[2021-11-13T12:59:47.730-0100][0.532s] GC(0) Metaspace: 6001K->6001K(1056768K)
[2021-11-13T12:59:47.731-0100][0.532s] GC(0) Pause Young (Normal) (G1 Evacuation Pause) 30M->3M(512M) 7.081ms
[2021-11-13T12:59:47.731-0100][0.532s] GC(0) User=0.02s Sys=0.01s Real=0.01s
[2021-11-13T13:00:29.371-0100][42.172s] Heap
[2021-11-13T13:00:29.371-0100][42.172s]  garbage-first heap   total 524288K, used 85228K [0x00000007e0000000, 0x0000000800000000)
[2021-11-13T13:00:29.371-0100][42.172s]   region size 1024K, 81 young (82944K), 3 survivors (3072K)
[2021-11-13T13:00:29.371-0100][42.172s]  Metaspace       used 18358K, capacity 18959K, committed 19072K, reserved 1067008K
[2021-11-13T13:00:29.371-0100][42.172s]   class space    used 2202K, capacity 2423K, committed 2432K, reserved 1048576K
