[2021-11-13T12:40:46.437-0100][0.011s] Heap region size: 1M
[2021-11-13T12:40:46.630-0100][0.204s] Using G1
[2021-11-13T12:40:46.630-0100][0.204s] Heap address: 0x00000007e0000000, size: 512 MB, Compressed Oops mode: Zero based, Oop shift amount: 3
[2021-11-13T12:40:46.631-0100][0.205s] Mark closed archive regions in map: [0x00000007fff00000, 0x00000007fff76ff8]
[2021-11-13T12:40:46.631-0100][0.205s] Mark open archive regions in map: [0x00000007ffe00000, 0x00000007ffe47ff8]
[2021-11-13T12:40:46.651-0100][0.225s] Periodic GC disabled
[2021-11-13T12:40:47.188-0100][0.762s] GC(0) Pause Young (Normal) (G1 Evacuation Pause)
[2021-11-13T12:40:47.188-0100][0.762s] GC(0) Using 10 workers of 10 for evacuation
[2021-11-13T12:40:47.193-0100][0.767s] GC(0)   Pre Evacuate Collection Set: 0.0ms
[2021-11-13T12:40:47.193-0100][0.767s] GC(0)   Evacuate Collection Set: 4.6ms
[2021-11-13T12:40:47.193-0100][0.767s] GC(0)   Post Evacuate Collection Set: 0.2ms
[2021-11-13T12:40:47.193-0100][0.767s] GC(0)   Other: 0.4ms
[2021-11-13T12:40:47.193-0100][0.767s] GC(0) Eden regions: 30->0(304)
[2021-11-13T12:40:47.193-0100][0.767s] GC(0) Survivor regions: 0->3(4)
[2021-11-13T12:40:47.193-0100][0.767s] GC(0) Old regions: 0->0
[2021-11-13T12:40:47.193-0100][0.767s] GC(0) Archive regions: 2->2
[2021-11-13T12:40:47.193-0100][0.767s] GC(0) Humongous regions: 0->0
[2021-11-13T12:40:47.193-0100][0.767s] GC(0) Metaspace: 6036K->6036K(1056768K)
[2021-11-13T12:40:47.193-0100][0.767s] GC(0) Pause Young (Normal) (G1 Evacuation Pause) 30M->3M(512M) 5.250ms
[2021-11-13T12:40:47.193-0100][0.767s] GC(0) User=0.02s Sys=0.00s Real=0.01s
[2021-11-13T12:40:48.337-0100][1.911s] GC(1) Pause Young (Concurrent Start) (Metadata GC Threshold)
[2021-11-13T12:40:48.337-0100][1.911s] GC(1) Using 10 workers of 10 for evacuation
[2021-11-13T12:40:48.347-0100][1.921s] GC(1)   Pre Evacuate Collection Set: 0.0ms
[2021-11-13T12:40:48.347-0100][1.921s] GC(1)   Evacuate Collection Set: 8.9ms
[2021-11-13T12:40:48.347-0100][1.921s] GC(1)   Post Evacuate Collection Set: 0.6ms
[2021-11-13T12:40:48.347-0100][1.921s] GC(1)   Other: 0.2ms
[2021-11-13T12:40:48.347-0100][1.921s] GC(1) Eden regions: 99->0(95)
[2021-11-13T12:40:48.347-0100][1.921s] GC(1) Survivor regions: 3->19(39)
[2021-11-13T12:40:48.347-0100][1.921s] GC(1) Old regions: 0->0
[2021-11-13T12:40:48.347-0100][1.921s] GC(1) Archive regions: 2->2
[2021-11-13T12:40:48.347-0100][1.921s] GC(1) Humongous regions: 4->4
[2021-11-13T12:40:48.347-0100][1.921s] GC(1) Metaspace: 20382K->20382K(1069056K)
[2021-11-13T12:40:48.347-0100][1.921s] GC(1) Pause Young (Concurrent Start) (Metadata GC Threshold) 105M->23M(512M) 9.821ms
[2021-11-13T12:40:48.347-0100][1.921s] GC(1) User=0.05s Sys=0.01s Real=0.01s
[2021-11-13T12:40:48.347-0100][1.921s] GC(2) Concurrent Cycle
[2021-11-13T12:40:48.347-0100][1.921s] GC(2) Concurrent Clear Claimed Marks
[2021-11-13T12:40:48.347-0100][1.921s] GC(2) Concurrent Clear Claimed Marks 0.022ms
[2021-11-13T12:40:48.347-0100][1.921s] GC(2) Concurrent Scan Root Regions
[2021-11-13T12:40:48.350-0100][1.924s] GC(2) Concurrent Scan Root Regions 2.533ms
[2021-11-13T12:40:48.350-0100][1.924s] GC(2) Concurrent Mark (1.924s)
[2021-11-13T12:40:48.350-0100][1.924s] GC(2) Concurrent Mark From Roots
[2021-11-13T12:40:48.350-0100][1.924s] GC(2) Using 3 workers of 3 for marking
[2021-11-13T12:40:48.354-0100][1.928s] GC(2) Concurrent Mark From Roots 4.101ms
[2021-11-13T12:40:48.354-0100][1.928s] GC(2) Concurrent Preclean
[2021-11-13T12:40:48.354-0100][1.928s] GC(2) Concurrent Preclean 0.044ms
[2021-11-13T12:40:48.354-0100][1.928s] GC(2) Concurrent Mark (1.924s, 1.928s) 4.231ms
[2021-11-13T12:40:48.354-0100][1.928s] GC(2) Pause Remark
[2021-11-13T12:40:48.355-0100][1.929s] GC(2) Pause Remark 24M->24M(512M) 0.666ms
[2021-11-13T12:40:48.355-0100][1.929s] GC(2) User=0.00s Sys=0.00s Real=0.00s
[2021-11-13T12:40:48.355-0100][1.929s] GC(2) Concurrent Rebuild Remembered Sets
[2021-11-13T12:40:48.356-0100][1.930s] GC(2) Concurrent Rebuild Remembered Sets 1.228ms
[2021-11-13T12:40:48.356-0100][1.930s] GC(2) Pause Cleanup
[2021-11-13T12:40:48.356-0100][1.930s] GC(2) Pause Cleanup 24M->24M(512M) 0.077ms
[2021-11-13T12:40:48.356-0100][1.930s] GC(2) User=0.00s Sys=0.00s Real=0.00s
[2021-11-13T12:40:48.356-0100][1.930s] GC(2) Concurrent Cleanup for Next Mark
[2021-11-13T12:40:48.357-0100][1.931s] GC(2) Concurrent Cleanup for Next Mark 0.678ms
[2021-11-13T12:40:48.357-0100][1.931s] GC(2) Concurrent Cycle 10.077ms
[2021-11-13T12:40:49.298-0100][2.872s] GC(3) Pause Young (Normal) (G1 Evacuation Pause)
[2021-11-13T12:40:49.298-0100][2.872s] GC(3) Using 10 workers of 10 for evacuation
[2021-11-13T12:40:49.308-0100][2.882s] GC(3)   Pre Evacuate Collection Set: 0.0ms
[2021-11-13T12:40:49.308-0100][2.882s] GC(3)   Evacuate Collection Set: 9.2ms
[2021-11-13T12:40:49.308-0100][2.882s] GC(3)   Post Evacuate Collection Set: 0.5ms
[2021-11-13T12:40:49.308-0100][2.882s] GC(3)   Other: 0.1ms
[2021-11-13T12:40:49.308-0100][2.882s] GC(3) Eden regions: 80->0(123)
[2021-11-13T12:40:49.308-0100][2.882s] GC(3) Survivor regions: 19->5(13)
[2021-11-13T12:40:49.308-0100][2.882s] GC(3) Old regions: 0->19
[2021-11-13T12:40:49.308-0100][2.882s] GC(3) Archive regions: 2->2
[2021-11-13T12:40:49.308-0100][2.882s] GC(3) Humongous regions: 4->4
[2021-11-13T12:40:49.308-0100][2.882s] GC(3) Metaspace: 29175K->29175K(1075200K)
[2021-11-13T12:40:49.308-0100][2.882s] GC(3) Pause Young (Normal) (G1 Evacuation Pause) 103M->27M(512M) 9.874ms
[2021-11-13T12:40:49.308-0100][2.882s] GC(3) User=0.10s Sys=0.00s Real=0.01s
[2021-11-13T12:40:57.199-0100][10.772s] GC(4) Pause Young (Concurrent Start) (Metadata GC Threshold)
[2021-11-13T12:40:57.199-0100][10.772s] GC(4) Using 10 workers of 10 for evacuation
[2021-11-13T12:40:57.204-0100][10.777s] GC(4)   Pre Evacuate Collection Set: 0.0ms
[2021-11-13T12:40:57.204-0100][10.778s] GC(4)   Evacuate Collection Set: 4.7ms
[2021-11-13T12:40:57.204-0100][10.778s] GC(4)   Post Evacuate Collection Set: 0.2ms
[2021-11-13T12:40:57.204-0100][10.778s] GC(4)   Other: 0.2ms
[2021-11-13T12:40:57.204-0100][10.778s] GC(4) Eden regions: 55->0(146)
[2021-11-13T12:40:57.204-0100][10.778s] GC(4) Survivor regions: 5->6(16)
[2021-11-13T12:40:57.204-0100][10.778s] GC(4) Old regions: 19->19
[2021-11-13T12:40:57.204-0100][10.778s] GC(4) Archive regions: 2->2
[2021-11-13T12:40:57.204-0100][10.778s] GC(4) Humongous regions: 4->4
[2021-11-13T12:40:57.204-0100][10.778s] GC(4) Metaspace: 34850K->34850K(1081344K)
[2021-11-13T12:40:57.204-0100][10.778s] GC(4) Pause Young (Concurrent Start) (Metadata GC Threshold) 82M->29M(512M) 5.250ms
[2021-11-13T12:40:57.204-0100][10.778s] GC(4) User=0.03s Sys=0.00s Real=0.01s
[2021-11-13T12:40:57.204-0100][10.778s] GC(5) Concurrent Cycle
[2021-11-13T12:40:57.204-0100][10.778s] GC(5) Concurrent Clear Claimed Marks
[2021-11-13T12:40:57.204-0100][10.778s] GC(5) Concurrent Clear Claimed Marks 0.022ms
[2021-11-13T12:40:57.204-0100][10.778s] GC(5) Concurrent Scan Root Regions
[2021-11-13T12:40:57.205-0100][10.779s] GC(5) Concurrent Scan Root Regions 1.569ms
[2021-11-13T12:40:57.205-0100][10.779s] GC(5) Concurrent Mark (10.779s)
[2021-11-13T12:40:57.206-0100][10.779s] GC(5) Concurrent Mark From Roots
[2021-11-13T12:40:57.206-0100][10.779s] GC(5) Using 3 workers of 3 for marking
[2021-11-13T12:40:57.214-0100][10.788s] GC(5) Concurrent Mark From Roots 8.211ms
[2021-11-13T12:40:57.214-0100][10.788s] GC(5) Concurrent Preclean
[2021-11-13T12:40:57.214-0100][10.788s] GC(5) Concurrent Preclean 0.084ms
[2021-11-13T12:40:57.214-0100][10.788s] GC(5) Concurrent Mark (10.779s, 10.788s) 8.364ms
[2021-11-13T12:40:57.214-0100][10.788s] GC(5) Pause Remark
[2021-11-13T12:40:57.215-0100][10.789s] GC(5) Pause Remark 30M->30M(512M) 1.078ms
[2021-11-13T12:40:57.215-0100][10.789s] GC(5) User=0.01s Sys=0.00s Real=0.00s
[2021-11-13T12:40:57.215-0100][10.789s] GC(5) Concurrent Rebuild Remembered Sets
[2021-11-13T12:40:57.221-0100][10.795s] GC(5) Concurrent Rebuild Remembered Sets 5.708ms
[2021-11-13T12:40:57.221-0100][10.795s] GC(5) Pause Cleanup
[2021-11-13T12:40:57.221-0100][10.795s] GC(5) Pause Cleanup 31M->31M(512M) 0.091ms
[2021-11-13T12:40:57.221-0100][10.795s] GC(5) User=0.00s Sys=0.00s Real=0.00s
[2021-11-13T12:40:57.221-0100][10.795s] GC(5) Concurrent Cleanup for Next Mark
[2021-11-13T12:40:57.222-0100][10.796s] GC(5) Concurrent Cleanup for Next Mark 0.837ms
[2021-11-13T12:40:57.222-0100][10.796s] GC(5) Concurrent Cycle 18.414ms
[2021-11-13T12:40:58.185-0100][11.759s] GC(6) Pause Young (Normal) (G1 Evacuation Pause)
[2021-11-13T12:40:58.185-0100][11.759s] GC(6) Using 10 workers of 10 for evacuation
[2021-11-13T12:40:58.190-0100][11.764s] GC(6)   Pre Evacuate Collection Set: 0.0ms
[2021-11-13T12:40:58.190-0100][11.764s] GC(6)   Evacuate Collection Set: 3.8ms
[2021-11-13T12:40:58.190-0100][11.764s] GC(6)   Post Evacuate Collection Set: 0.5ms
[2021-11-13T12:40:58.190-0100][11.764s] GC(6)   Other: 0.2ms
[2021-11-13T12:40:58.190-0100][11.764s] GC(6) Eden regions: 152->0(226)
[2021-11-13T12:40:58.190-0100][11.764s] GC(6) Survivor regions: 6->11(20)
[2021-11-13T12:40:58.190-0100][11.764s] GC(6) Old regions: 19->19
[2021-11-13T12:40:58.190-0100][11.764s] GC(6) Archive regions: 2->2
[2021-11-13T12:40:58.190-0100][11.764s] GC(6) Humongous regions: 5->4
[2021-11-13T12:40:58.190-0100][11.764s] GC(6) Metaspace: 44137K->44137K(1089536K)
[2021-11-13T12:40:58.190-0100][11.764s] GC(6) Pause Young (Normal) (G1 Evacuation Pause) 182M->34M(512M) 4.583ms
[2021-11-13T12:40:58.190-0100][11.764s] GC(6) User=0.04s Sys=0.00s Real=0.01s
[2021-11-13T12:41:04.478-0100][18.052s] GC(7) Pause Young (Normal) (G1 Evacuation Pause)
[2021-11-13T12:41:04.478-0100][18.052s] GC(7) Using 10 workers of 10 for evacuation
[2021-11-13T12:41:04.485-0100][18.059s] GC(7)   Pre Evacuate Collection Set: 0.0ms
[2021-11-13T12:41:04.485-0100][18.059s] GC(7)   Evacuate Collection Set: 5.5ms
[2021-11-13T12:41:04.485-0100][18.059s] GC(7)   Post Evacuate Collection Set: 0.9ms
[2021-11-13T12:41:04.485-0100][18.059s] GC(7)   Other: 0.2ms
[2021-11-13T12:41:04.485-0100][18.059s] GC(7) Eden regions: 226->0(280)
[2021-11-13T12:41:04.485-0100][18.059s] GC(7) Survivor regions: 11->23(30)
[2021-11-13T12:41:04.485-0100][18.059s] GC(7) Old regions: 19->19
[2021-11-13T12:41:04.485-0100][18.059s] GC(7) Archive regions: 2->2
[2021-11-13T12:41:04.485-0100][18.059s] GC(7) Humongous regions: 7->7
[2021-11-13T12:41:04.485-0100][18.059s] GC(7) Metaspace: 48647K->48647K(1093632K)
[2021-11-13T12:41:04.485-0100][18.059s] GC(7) Pause Young (Normal) (G1 Evacuation Pause) 263M->49M(512M) 6.762ms
[2021-11-13T12:41:04.485-0100][18.059s] GC(7) User=0.06s Sys=0.00s Real=0.01s
[2021-11-13T12:41:49.435-0100][63.009s] GC(8) Pause Young (Normal) (G1 Evacuation Pause)
[2021-11-13T12:41:49.435-0100][63.009s] GC(8) Using 10 workers of 10 for evacuation
[2021-11-13T12:41:49.441-0100][63.014s] GC(8)   Pre Evacuate Collection Set: 0.0ms
[2021-11-13T12:41:49.441-0100][63.014s] GC(8)   Evacuate Collection Set: 5.1ms
[2021-11-13T12:41:49.441-0100][63.014s] GC(8)   Post Evacuate Collection Set: 0.6ms
[2021-11-13T12:41:49.441-0100][63.015s] GC(8)   Other: 0.2ms
[2021-11-13T12:41:49.441-0100][63.015s] GC(8) Eden regions: 280->0(298)
[2021-11-13T12:41:49.441-0100][63.015s] GC(8) Survivor regions: 23->9(38)
[2021-11-13T12:41:49.441-0100][63.015s] GC(8) Old regions: 19->24
[2021-11-13T12:41:49.441-0100][63.015s] GC(8) Archive regions: 2->2
[2021-11-13T12:41:49.441-0100][63.015s] GC(8) Humongous regions: 8->7
[2021-11-13T12:41:49.441-0100][63.015s] GC(8) Metaspace: 50577K->50577K(1095680K)
[2021-11-13T12:41:49.441-0100][63.015s] GC(8) Pause Young (Normal) (G1 Evacuation Pause) 330M->40M(512M) 6.085ms
[2021-11-13T12:41:49.441-0100][63.015s] GC(8) User=0.05s Sys=0.00s Real=0.01s
[2021-11-13T12:56:21.158-0100][934.720s] Heap
[2021-11-13T12:56:21.158-0100][934.720s]  garbage-first heap   total 524288K, used 97873K [0x00000007e0000000, 0x0000000800000000)
[2021-11-13T12:56:21.158-0100][934.720s]   region size 1024K, 65 young (66560K), 9 survivors (9216K)
[2021-11-13T12:56:21.158-0100][934.720s]  Metaspace       used 53758K, capacity 55008K, committed 55088K, reserved 1097728K
[2021-11-13T12:56:21.158-0100][934.720s]   class space    used 6272K, capacity 6776K, committed 6784K, reserved 1048576K
