[2021-11-13T13:03:36.850-0100][0.010s] Heap region size: 1M
[2021-11-13T13:03:37.035-0100][0.195s] Using G1
[2021-11-13T13:03:37.035-0100][0.195s] Heap address: 0x00000007e0000000, size: 512 MB, Compressed Oops mode: Zero based, Oop shift amount: 3
[2021-11-13T13:03:37.035-0100][0.195s] Mark closed archive regions in map: [0x00000007fff00000, 0x00000007fff76ff8]
[2021-11-13T13:03:37.035-0100][0.195s] Mark open archive regions in map: [0x00000007ffe00000, 0x00000007ffe47ff8]
[2021-11-13T13:03:37.054-0100][0.214s] Periodic GC disabled
[2021-11-13T13:03:37.362-0100][0.522s] GC(0) Pause Young (Normal) (G1 Evacuation Pause)
[2021-11-13T13:03:37.363-0100][0.523s] GC(0) Using 10 workers of 10 for evacuation
[2021-11-13T13:03:37.370-0100][0.530s] GC(0)   Pre Evacuate Collection Set: 0.0ms
[2021-11-13T13:03:37.370-0100][0.530s] GC(0)   Evacuate Collection Set: 6.5ms
[2021-11-13T13:03:37.370-0100][0.530s] GC(0)   Post Evacuate Collection Set: 0.4ms
[2021-11-13T13:03:37.370-0100][0.530s] GC(0)   Other: 0.8ms
[2021-11-13T13:03:37.370-0100][0.530s] GC(0) Eden regions: 30->0(304)
[2021-11-13T13:03:37.370-0100][0.530s] GC(0) Survivor regions: 0->3(4)
[2021-11-13T13:03:37.370-0100][0.530s] GC(0) Old regions: 0->0
[2021-11-13T13:03:37.370-0100][0.530s] GC(0) Archive regions: 2->2
[2021-11-13T13:03:37.370-0100][0.530s] GC(0) Humongous regions: 0->0
[2021-11-13T13:03:37.370-0100][0.530s] GC(0) Metaspace: 6003K->6003K(1056768K)
[2021-11-13T13:03:37.370-0100][0.530s] GC(0) Pause Young (Normal) (G1 Evacuation Pause) 30M->3M(512M) 7.800ms
[2021-11-13T13:03:37.370-0100][0.530s] GC(0) User=0.02s Sys=0.01s Real=0.01s
[2021-11-13T13:04:02.520-0100][25.679s] Heap
[2021-11-13T13:04:02.520-0100][25.679s]  garbage-first heap   total 524288K, used 86248K [0x00000007e0000000, 0x0000000800000000)
[2021-11-13T13:04:02.520-0100][25.680s]   region size 1024K, 81 young (82944K), 3 survivors (3072K)
[2021-11-13T13:04:02.520-0100][25.680s]  Metaspace       used 18322K, capacity 18923K, committed 19072K, reserved 1067008K
[2021-11-13T13:04:02.520-0100][25.680s]   class space    used 2200K, capacity 2425K, committed 2432K, reserved 1048576K
