[2021-11-13T13:04:07.583-0100][0.010s] Heap region size: 1M
[2021-11-13T13:04:07.766-0100][0.193s] Using G1
[2021-11-13T13:04:07.766-0100][0.193s] Heap address: 0x00000007e0000000, size: 512 MB, Compressed Oops mode: Zero based, Oop shift amount: 3
[2021-11-13T13:04:07.767-0100][0.194s] Mark closed archive regions in map: [0x00000007fff00000, 0x00000007fff76ff8]
[2021-11-13T13:04:07.767-0100][0.194s] Mark open archive regions in map: [0x00000007ffe00000, 0x00000007ffe47ff8]
[2021-11-13T13:04:07.786-0100][0.213s] Periodic GC disabled
[2021-11-13T13:04:08.153-0100][0.580s] GC(0) Pause Young (Normal) (G1 Evacuation Pause)
[2021-11-13T13:04:08.153-0100][0.580s] GC(0) Using 10 workers of 10 for evacuation
[2021-11-13T13:04:08.158-0100][0.586s] GC(0)   Pre Evacuate Collection Set: 0.0ms
[2021-11-13T13:04:08.159-0100][0.586s] GC(0)   Evacuate Collection Set: 5.3ms
[2021-11-13T13:04:08.159-0100][0.586s] GC(0)   Post Evacuate Collection Set: 0.2ms
[2021-11-13T13:04:08.159-0100][0.586s] GC(0)   Other: 0.5ms
[2021-11-13T13:04:08.159-0100][0.586s] GC(0) Eden regions: 30->0(304)
[2021-11-13T13:04:08.159-0100][0.586s] GC(0) Survivor regions: 0->3(4)
[2021-11-13T13:04:08.159-0100][0.586s] GC(0) Old regions: 0->0
[2021-11-13T13:04:08.159-0100][0.586s] GC(0) Archive regions: 2->2
[2021-11-13T13:04:08.159-0100][0.586s] GC(0) Humongous regions: 0->0
[2021-11-13T13:04:08.159-0100][0.586s] GC(0) Metaspace: 6075K->6075K(1056768K)
[2021-11-13T13:04:08.159-0100][0.586s] GC(0) Pause Young (Normal) (G1 Evacuation Pause) 30M->3M(512M) 6.131ms
[2021-11-13T13:04:08.159-0100][0.586s] GC(0) User=0.02s Sys=0.01s Real=0.00s
[2021-11-13T13:04:09.035-0100][1.462s] GC(1) Pause Young (Concurrent Start) (Metadata GC Threshold)
[2021-11-13T13:04:09.035-0100][1.462s] GC(1) Using 10 workers of 10 for evacuation
[2021-11-13T13:04:09.045-0100][1.472s] GC(1)   Pre Evacuate Collection Set: 0.0ms
[2021-11-13T13:04:09.045-0100][1.472s] GC(1)   Evacuate Collection Set: 9.0ms
[2021-11-13T13:04:09.045-0100][1.472s] GC(1)   Post Evacuate Collection Set: 0.7ms
[2021-11-13T13:04:09.045-0100][1.472s] GC(1)   Other: 0.2ms
[2021-11-13T13:04:09.045-0100][1.472s] GC(1) Eden regions: 100->0(93)
[2021-11-13T13:04:09.045-0100][1.472s] GC(1) Survivor regions: 3->19(39)
[2021-11-13T13:04:09.045-0100][1.472s] GC(1) Old regions: 0->0
[2021-11-13T13:04:09.045-0100][1.472s] GC(1) Archive regions: 2->2
[2021-11-13T13:04:09.045-0100][1.472s] GC(1) Humongous regions: 4->4
[2021-11-13T13:04:09.045-0100][1.472s] GC(1) Metaspace: 20374K->20374K(1069056K)
[2021-11-13T13:04:09.045-0100][1.472s] GC(1) Pause Young (Concurrent Start) (Metadata GC Threshold) 107M->23M(512M) 10.150ms
[2021-11-13T13:04:09.045-0100][1.472s] GC(1) User=0.04s Sys=0.00s Real=0.01s
[2021-11-13T13:04:09.045-0100][1.472s] GC(2) Concurrent Cycle
[2021-11-13T13:04:09.045-0100][1.472s] GC(2) Concurrent Clear Claimed Marks
[2021-11-13T13:04:09.045-0100][1.472s] GC(2) Concurrent Clear Claimed Marks 0.019ms
[2021-11-13T13:04:09.045-0100][1.472s] GC(2) Concurrent Scan Root Regions
[2021-11-13T13:04:09.047-0100][1.475s] GC(2) Concurrent Scan Root Regions 2.669ms
[2021-11-13T13:04:09.048-0100][1.475s] GC(2) Concurrent Mark (1.475s)
[2021-11-13T13:04:09.048-0100][1.475s] GC(2) Concurrent Mark From Roots
[2021-11-13T13:04:09.048-0100][1.475s] GC(2) Using 3 workers of 3 for marking
[2021-11-13T13:04:09.051-0100][1.478s] GC(2) Concurrent Mark From Roots 3.464ms
[2021-11-13T13:04:09.051-0100][1.478s] GC(2) Concurrent Preclean
[2021-11-13T13:04:09.051-0100][1.478s] GC(2) Concurrent Preclean 0.186ms
[2021-11-13T13:04:09.051-0100][1.478s] GC(2) Concurrent Mark (1.475s, 1.478s) 3.737ms
[2021-11-13T13:04:09.051-0100][1.479s] GC(2) Pause Remark
[2021-11-13T13:04:09.052-0100][1.479s] GC(2) Pause Remark 24M->24M(512M) 0.713ms
[2021-11-13T13:04:09.052-0100][1.479s] GC(2) User=0.01s Sys=0.00s Real=0.00s
[2021-11-13T13:04:09.052-0100][1.479s] GC(2) Concurrent Rebuild Remembered Sets
[2021-11-13T13:04:09.054-0100][1.481s] GC(2) Concurrent Rebuild Remembered Sets 1.851ms
[2021-11-13T13:04:09.054-0100][1.481s] GC(2) Pause Cleanup
[2021-11-13T13:04:09.054-0100][1.481s] GC(2) Pause Cleanup 24M->24M(512M) 0.082ms
[2021-11-13T13:04:09.054-0100][1.481s] GC(2) User=0.00s Sys=0.00s Real=0.00s
[2021-11-13T13:04:09.054-0100][1.482s] GC(2) Concurrent Cleanup for Next Mark
[2021-11-13T13:04:09.055-0100][1.482s] GC(2) Concurrent Cleanup for Next Mark 0.740ms
[2021-11-13T13:04:09.055-0100][1.482s] GC(2) Concurrent Cycle 10.550ms
[2021-11-13T13:04:09.770-0100][2.197s] GC(3) Pause Young (Normal) (G1 Evacuation Pause)
[2021-11-13T13:04:09.770-0100][2.197s] GC(3) Using 10 workers of 10 for evacuation
[2021-11-13T13:04:09.779-0100][2.206s] GC(3)   Pre Evacuate Collection Set: 0.0ms
[2021-11-13T13:04:09.794-0100][2.221s] GC(3)   Evacuate Collection Set: 9.0ms
[2021-11-13T13:04:09.794-0100][2.221s] GC(3)   Post Evacuate Collection Set: 0.5ms
[2021-11-13T13:04:09.794-0100][2.221s] GC(3)   Other: 0.1ms
[2021-11-13T13:04:09.794-0100][2.221s] GC(3) Eden regions: 82->0(120)
[2021-11-13T13:04:09.794-0100][2.221s] GC(3) Survivor regions: 19->5(13)
[2021-11-13T13:04:09.794-0100][2.221s] GC(3) Old regions: 0->19
[2021-11-13T13:04:09.794-0100][2.221s] GC(3) Archive regions: 2->2
[2021-11-13T13:04:09.794-0100][2.221s] GC(3) Humongous regions: 4->4
[2021-11-13T13:04:09.794-0100][2.221s] GC(3) Metaspace: 30496K->30496K(1077248K)
[2021-11-13T13:04:09.794-0100][2.221s] GC(3) Pause Young (Normal) (G1 Evacuation Pause) 105M->27M(512M) 24.401ms
[2021-11-13T13:04:09.794-0100][2.221s] GC(3) User=0.08s Sys=0.00s Real=0.02s
[2021-11-13T13:05:09.798-0100][62.224s] GC(4) Pause Young (Concurrent Start) (Metadata GC Threshold)
[2021-11-13T13:05:09.798-0100][62.224s] GC(4) Using 10 workers of 10 for evacuation
[2021-11-13T13:05:09.803-0100][62.230s] GC(4)   Pre Evacuate Collection Set: 0.0ms
[2021-11-13T13:05:09.803-0100][62.230s] GC(4)   Evacuate Collection Set: 4.5ms
[2021-11-13T13:05:09.803-0100][62.230s] GC(4)   Post Evacuate Collection Set: 0.4ms
[2021-11-13T13:05:09.803-0100][62.230s] GC(4)   Other: 0.2ms
[2021-11-13T13:05:09.803-0100][62.230s] GC(4) Eden regions: 40->0(131)
[2021-11-13T13:05:09.803-0100][62.230s] GC(4) Survivor regions: 5->6(16)
[2021-11-13T13:05:09.803-0100][62.230s] GC(4) Old regions: 19->19
[2021-11-13T13:05:09.803-0100][62.230s] GC(4) Archive regions: 2->2
[2021-11-13T13:05:09.803-0100][62.230s] GC(4) Humongous regions: 4->4
[2021-11-13T13:05:09.803-0100][62.230s] GC(4) Metaspace: 34878K->34878K(1081344K)
[2021-11-13T13:05:09.803-0100][62.230s] GC(4) Pause Young (Concurrent Start) (Metadata GC Threshold) 67M->29M(512M) 5.320ms
[2021-11-13T13:05:09.803-0100][62.230s] GC(4) User=0.02s Sys=0.00s Real=0.01s
[2021-11-13T13:05:09.804-0100][62.230s] GC(5) Concurrent Cycle
[2021-11-13T13:05:09.804-0100][62.230s] GC(5) Concurrent Clear Claimed Marks
[2021-11-13T13:05:09.804-0100][62.230s] GC(5) Concurrent Clear Claimed Marks 0.023ms
[2021-11-13T13:05:09.804-0100][62.230s] GC(5) Concurrent Scan Root Regions
[2021-11-13T13:05:09.805-0100][62.231s] GC(5) Concurrent Scan Root Regions 1.576ms
[2021-11-13T13:05:09.805-0100][62.232s] GC(5) Concurrent Mark (62.232s)
[2021-11-13T13:05:09.805-0100][62.232s] GC(5) Concurrent Mark From Roots
[2021-11-13T13:05:09.805-0100][62.232s] GC(5) Using 3 workers of 3 for marking
[2021-11-13T13:05:09.814-0100][62.240s] GC(5) Concurrent Mark From Roots 8.920ms
[2021-11-13T13:05:09.814-0100][62.241s] GC(5) Concurrent Preclean
[2021-11-13T13:05:09.814-0100][62.241s] GC(5) Concurrent Preclean 0.068ms
[2021-11-13T13:05:09.814-0100][62.241s] GC(5) Concurrent Mark (62.232s, 62.241s) 9.062ms
[2021-11-13T13:05:09.814-0100][62.241s] GC(5) Pause Remark
[2021-11-13T13:05:09.816-0100][62.242s] GC(5) Pause Remark 30M->30M(512M) 1.092ms
[2021-11-13T13:05:09.816-0100][62.242s] GC(5) User=0.00s Sys=0.00s Real=0.00s
[2021-11-13T13:05:09.816-0100][62.242s] GC(5) Concurrent Rebuild Remembered Sets
[2021-11-13T13:05:09.821-0100][62.247s] GC(5) Concurrent Rebuild Remembered Sets 5.058ms
[2021-11-13T13:05:09.821-0100][62.247s] GC(5) Pause Cleanup
[2021-11-13T13:05:09.821-0100][62.247s] GC(5) Pause Cleanup 30M->30M(512M) 0.111ms
[2021-11-13T13:05:09.821-0100][62.247s] GC(5) User=0.00s Sys=0.00s Real=0.00s
[2021-11-13T13:05:09.821-0100][62.247s] GC(5) Concurrent Cleanup for Next Mark
[2021-11-13T13:05:09.822-0100][62.248s] GC(5) Concurrent Cleanup for Next Mark 0.620ms
[2021-11-13T13:05:09.822-0100][62.248s] GC(5) Concurrent Cycle 18.307ms
[2021-11-13T13:05:29.600-0100][82.026s] Heap
[2021-11-13T13:05:29.600-0100][82.026s]  garbage-first heap   total 524288K, used 36882K [0x00000007e0000000, 0x0000000800000000)
[2021-11-13T13:05:29.600-0100][82.026s]   region size 1024K, 14 young (14336K), 6 survivors (6144K)
[2021-11-13T13:05:29.600-0100][82.026s]  Metaspace       used 35238K, capacity 36125K, committed 36508K, reserved 1081344K
[2021-11-13T13:05:29.600-0100][82.026s]   class space    used 4134K, capacity 4495K, committed 4608K, reserved 1048576K
