[2021-11-13T13:05:36.246-0100][0.012s] Heap region size: 1M
[2021-11-13T13:05:36.426-0100][0.192s] Using G1
[2021-11-13T13:05:36.426-0100][0.192s] Heap address: 0x00000007e0000000, size: 512 MB, Compressed Oops mode: Zero based, Oop shift amount: 3
[2021-11-13T13:05:36.426-0100][0.192s] Mark closed archive regions in map: [0x00000007fff00000, 0x00000007fff76ff8]
[2021-11-13T13:05:36.426-0100][0.192s] Mark open archive regions in map: [0x00000007ffe00000, 0x00000007ffe47ff8]
[2021-11-13T13:05:36.445-0100][0.211s] Periodic GC disabled
[2021-11-13T13:05:36.833-0100][0.599s] GC(0) Pause Young (Normal) (G1 Evacuation Pause)
[2021-11-13T13:05:36.833-0100][0.599s] GC(0) Using 10 workers of 10 for evacuation
[2021-11-13T13:05:36.840-0100][0.606s] GC(0)   Pre Evacuate Collection Set: 0.0ms
[2021-11-13T13:05:36.840-0100][0.606s] GC(0)   Evacuate Collection Set: 6.3ms
[2021-11-13T13:05:36.840-0100][0.606s] GC(0)   Post Evacuate Collection Set: 0.2ms
[2021-11-13T13:05:36.840-0100][0.606s] GC(0)   Other: 0.6ms
[2021-11-13T13:05:36.840-0100][0.606s] GC(0) Eden regions: 30->0(304)
[2021-11-13T13:05:36.840-0100][0.606s] GC(0) Survivor regions: 0->3(4)
[2021-11-13T13:05:36.840-0100][0.606s] GC(0) Old regions: 0->0
[2021-11-13T13:05:36.840-0100][0.606s] GC(0) Archive regions: 2->2
[2021-11-13T13:05:36.840-0100][0.606s] GC(0) Humongous regions: 0->0
[2021-11-13T13:05:36.840-0100][0.606s] GC(0) Metaspace: 6030K->6030K(1056768K)
[2021-11-13T13:05:36.840-0100][0.606s] GC(0) Pause Young (Normal) (G1 Evacuation Pause) 30M->3M(512M) 7.350ms
[2021-11-13T13:05:36.840-0100][0.606s] GC(0) User=0.03s Sys=0.01s Real=0.01s
[2021-11-13T13:05:37.732-0100][1.497s] GC(1) Pause Young (Concurrent Start) (Metadata GC Threshold)
[2021-11-13T13:05:37.732-0100][1.498s] GC(1) Using 10 workers of 10 for evacuation
[2021-11-13T13:05:37.742-0100][1.508s] GC(1)   Pre Evacuate Collection Set: 0.0ms
[2021-11-13T13:05:37.742-0100][1.508s] GC(1)   Evacuate Collection Set: 9.5ms
[2021-11-13T13:05:37.742-0100][1.508s] GC(1)   Post Evacuate Collection Set: 0.6ms
[2021-11-13T13:05:37.742-0100][1.508s] GC(1)   Other: 0.2ms
[2021-11-13T13:05:37.742-0100][1.508s] GC(1) Eden regions: 100->0(96)
[2021-11-13T13:05:37.742-0100][1.508s] GC(1) Survivor regions: 3->20(39)
[2021-11-13T13:05:37.742-0100][1.508s] GC(1) Old regions: 0->0
[2021-11-13T13:05:37.742-0100][1.508s] GC(1) Archive regions: 2->2
[2021-11-13T13:05:37.742-0100][1.508s] GC(1) Humongous regions: 4->4
[2021-11-13T13:05:37.742-0100][1.508s] GC(1) Metaspace: 20441K->20441K(1069056K)
[2021-11-13T13:05:37.742-0100][1.508s] GC(1) Pause Young (Concurrent Start) (Metadata GC Threshold) 106M->24M(512M) 10.491ms
[2021-11-13T13:05:37.742-0100][1.508s] GC(1) User=0.04s Sys=0.00s Real=0.01s
[2021-11-13T13:05:37.742-0100][1.508s] GC(2) Concurrent Cycle
[2021-11-13T13:05:37.742-0100][1.508s] GC(2) Concurrent Clear Claimed Marks
[2021-11-13T13:05:37.742-0100][1.508s] GC(2) Concurrent Clear Claimed Marks 0.015ms
[2021-11-13T13:05:37.742-0100][1.508s] GC(2) Concurrent Scan Root Regions
[2021-11-13T13:05:37.745-0100][1.511s] GC(2) Concurrent Scan Root Regions 2.476ms
[2021-11-13T13:05:37.745-0100][1.511s] GC(2) Concurrent Mark (1.511s)
[2021-11-13T13:05:37.745-0100][1.511s] GC(2) Concurrent Mark From Roots
[2021-11-13T13:05:37.745-0100][1.511s] GC(2) Using 3 workers of 3 for marking
[2021-11-13T13:05:37.749-0100][1.515s] GC(2) Concurrent Mark From Roots 4.155ms
[2021-11-13T13:05:37.749-0100][1.515s] GC(2) Concurrent Preclean
[2021-11-13T13:05:37.749-0100][1.515s] GC(2) Concurrent Preclean 0.031ms
[2021-11-13T13:05:37.749-0100][1.515s] GC(2) Concurrent Mark (1.511s, 1.515s) 4.249ms
[2021-11-13T13:05:37.749-0100][1.515s] GC(2) Pause Remark
[2021-11-13T13:05:37.750-0100][1.516s] GC(2) Pause Remark 24M->24M(512M) 0.606ms
[2021-11-13T13:05:37.750-0100][1.516s] GC(2) User=0.01s Sys=0.00s Real=0.01s
[2021-11-13T13:05:37.750-0100][1.516s] GC(2) Concurrent Rebuild Remembered Sets
[2021-11-13T13:05:37.751-0100][1.517s] GC(2) Concurrent Rebuild Remembered Sets 1.233ms
[2021-11-13T13:05:37.751-0100][1.517s] GC(2) Pause Cleanup
[2021-11-13T13:05:37.751-0100][1.517s] GC(2) Pause Cleanup 24M->24M(512M) 0.056ms
[2021-11-13T13:05:37.751-0100][1.517s] GC(2) User=0.00s Sys=0.00s Real=0.00s
[2021-11-13T13:05:37.751-0100][1.517s] GC(2) Concurrent Cleanup for Next Mark
[2021-11-13T13:05:37.752-0100][1.518s] GC(2) Concurrent Cleanup for Next Mark 0.648ms
[2021-11-13T13:05:37.752-0100][1.518s] GC(2) Concurrent Cycle 9.816ms
[2021-11-13T13:05:38.541-0100][2.307s] GC(3) Pause Young (Normal) (G1 Evacuation Pause)
[2021-11-13T13:05:38.541-0100][2.307s] GC(3) Using 10 workers of 10 for evacuation
[2021-11-13T13:05:38.551-0100][2.317s] GC(3)   Pre Evacuate Collection Set: 0.0ms
[2021-11-13T13:05:38.551-0100][2.317s] GC(3)   Evacuate Collection Set: 9.0ms
[2021-11-13T13:05:38.551-0100][2.317s] GC(3)   Post Evacuate Collection Set: 0.5ms
[2021-11-13T13:05:38.551-0100][2.317s] GC(3)   Other: 0.1ms
[2021-11-13T13:05:38.551-0100][2.317s] GC(3) Eden regions: 82->0(127)
[2021-11-13T13:05:38.551-0100][2.317s] GC(3) Survivor regions: 20->5(13)
[2021-11-13T13:05:38.551-0100][2.317s] GC(3) Old regions: 0->19
[2021-11-13T13:05:38.551-0100][2.317s] GC(3) Archive regions: 2->2
[2021-11-13T13:05:38.551-0100][2.317s] GC(3) Humongous regions: 4->4
[2021-11-13T13:05:38.551-0100][2.317s] GC(3) Metaspace: 30847K->30847K(1077248K)
[2021-11-13T13:05:38.551-0100][2.317s] GC(3) Pause Young (Normal) (G1 Evacuation Pause) 106M->27M(512M) 9.775ms
[2021-11-13T13:05:38.551-0100][2.317s] GC(3) User=0.08s Sys=0.00s Real=0.01s
[2021-11-13T13:06:04.831-0100][28.602s] GC(4) Pause Young (Concurrent Start) (Metadata GC Threshold)
[2021-11-13T13:06:04.831-0100][28.602s] GC(4) Using 10 workers of 10 for evacuation
[2021-11-13T13:06:04.838-0100][28.609s] GC(4)   Pre Evacuate Collection Set: 0.0ms
[2021-11-13T13:06:04.838-0100][28.609s] GC(4)   Evacuate Collection Set: 5.9ms
[2021-11-13T13:06:04.838-0100][28.609s] GC(4)   Post Evacuate Collection Set: 0.4ms
[2021-11-13T13:06:04.838-0100][28.609s] GC(4)   Other: 0.4ms
[2021-11-13T13:06:04.838-0100][28.609s] GC(4) Eden regions: 35->0(125)
[2021-11-13T13:06:04.838-0100][28.609s] GC(4) Survivor regions: 5->6(17)
[2021-11-13T13:06:04.838-0100][28.609s] GC(4) Old regions: 19->19
[2021-11-13T13:06:04.838-0100][28.609s] GC(4) Archive regions: 2->2
[2021-11-13T13:06:04.838-0100][28.609s] GC(4) Humongous regions: 4->4
[2021-11-13T13:06:04.838-0100][28.609s] GC(4) Metaspace: 34852K->34852K(1081344K)
[2021-11-13T13:06:04.838-0100][28.609s] GC(4) Pause Young (Concurrent Start) (Metadata GC Threshold) 62M->29M(512M) 6.876ms
[2021-11-13T13:06:04.838-0100][28.609s] GC(4) User=0.02s Sys=0.00s Real=0.00s
[2021-11-13T13:06:04.838-0100][28.609s] GC(5) Concurrent Cycle
[2021-11-13T13:06:04.838-0100][28.609s] GC(5) Concurrent Clear Claimed Marks
[2021-11-13T13:06:04.838-0100][28.609s] GC(5) Concurrent Clear Claimed Marks 0.021ms
[2021-11-13T13:06:04.838-0100][28.609s] GC(5) Concurrent Scan Root Regions
[2021-11-13T13:06:04.840-0100][28.611s] GC(5) Concurrent Scan Root Regions 2.028ms
[2021-11-13T13:06:04.840-0100][28.611s] GC(5) Concurrent Mark (28.611s)
[2021-11-13T13:06:04.840-0100][28.611s] GC(5) Concurrent Mark From Roots
[2021-11-13T13:06:04.840-0100][28.611s] GC(5) Using 3 workers of 3 for marking
[2021-11-13T13:06:04.852-0100][28.623s] GC(5) Concurrent Mark From Roots 11.967ms
[2021-11-13T13:06:04.852-0100][28.623s] GC(5) Concurrent Preclean
[2021-11-13T13:06:04.852-0100][28.623s] GC(5) Concurrent Preclean 0.092ms
[2021-11-13T13:06:04.852-0100][28.623s] GC(5) Concurrent Mark (28.611s, 28.623s) 12.136ms
[2021-11-13T13:06:04.852-0100][28.624s] GC(5) Pause Remark
[2021-11-13T13:06:04.854-0100][28.625s] GC(5) Pause Remark 30M->30M(512M) 1.172ms
[2021-11-13T13:06:04.854-0100][28.625s] GC(5) User=0.01s Sys=0.00s Real=0.00s
[2021-11-13T13:06:04.854-0100][28.625s] GC(5) Concurrent Rebuild Remembered Sets
[2021-11-13T13:06:04.859-0100][28.630s] GC(5) Concurrent Rebuild Remembered Sets 5.008ms
[2021-11-13T13:06:04.859-0100][28.630s] GC(5) Pause Cleanup
[2021-11-13T13:06:04.859-0100][28.630s] GC(5) Pause Cleanup 31M->31M(512M) 0.108ms
[2021-11-13T13:06:04.859-0100][28.630s] GC(5) User=0.00s Sys=0.00s Real=0.00s
[2021-11-13T13:06:04.859-0100][28.630s] GC(5) Concurrent Cleanup for Next Mark
[2021-11-13T13:06:04.860-0100][28.631s] GC(5) Concurrent Cleanup for Next Mark 0.725ms
[2021-11-13T13:06:04.860-0100][28.631s] GC(5) Concurrent Cycle 21.796ms
[2021-11-13T13:06:05.725-0100][29.496s] GC(6) Pause Young (Normal) (G1 Evacuation Pause)
[2021-11-13T13:06:05.725-0100][29.496s] GC(6) Using 10 workers of 10 for evacuation
[2021-11-13T13:06:05.729-0100][29.500s] GC(6)   Pre Evacuate Collection Set: 0.0ms
[2021-11-13T13:06:05.729-0100][29.500s] GC(6)   Evacuate Collection Set: 3.4ms
[2021-11-13T13:06:05.729-0100][29.500s] GC(6)   Post Evacuate Collection Set: 0.6ms
[2021-11-13T13:06:05.729-0100][29.501s] GC(6)   Other: 0.2ms
[2021-11-13T13:06:05.729-0100][29.501s] GC(6) Eden regions: 129->0(169)
[2021-11-13T13:06:05.729-0100][29.501s] GC(6) Survivor regions: 6->11(17)
[2021-11-13T13:06:05.729-0100][29.501s] GC(6) Old regions: 19->19
[2021-11-13T13:06:05.729-0100][29.501s] GC(6) Archive regions: 2->2
[2021-11-13T13:06:05.729-0100][29.501s] GC(6) Humongous regions: 5->4
[2021-11-13T13:06:05.729-0100][29.501s] GC(6) Metaspace: 43680K->43680K(1089536K)
[2021-11-13T13:06:05.729-0100][29.501s] GC(6) Pause Young (Normal) (G1 Evacuation Pause) 159M->34M(512M) 4.385ms
[2021-11-13T13:06:05.729-0100][29.501s] GC(6) User=0.04s Sys=0.01s Real=0.00s
[2021-11-13T13:06:12.685-0100][36.456s] GC(7) Pause Young (Normal) (G1 Evacuation Pause)
[2021-11-13T13:06:12.685-0100][36.456s] GC(7) Using 10 workers of 10 for evacuation
[2021-11-13T13:06:12.690-0100][36.462s] GC(7)   Pre Evacuate Collection Set: 0.0ms
[2021-11-13T13:06:12.690-0100][36.462s] GC(7)   Evacuate Collection Set: 4.6ms
[2021-11-13T13:06:12.690-0100][36.462s] GC(7)   Post Evacuate Collection Set: 0.6ms
[2021-11-13T13:06:12.690-0100][36.462s] GC(7)   Other: 0.2ms
[2021-11-13T13:06:12.690-0100][36.462s] GC(7) Eden regions: 169->0(255)
[2021-11-13T13:06:12.690-0100][36.462s] GC(7) Survivor regions: 11->19(23)
[2021-11-13T13:06:12.690-0100][36.462s] GC(7) Old regions: 19->19
[2021-11-13T13:06:12.690-0100][36.462s] GC(7) Archive regions: 2->2
[2021-11-13T13:06:12.690-0100][36.462s] GC(7) Humongous regions: 7->7
[2021-11-13T13:06:12.690-0100][36.462s] GC(7) Metaspace: 48836K->48836K(1093632K)
[2021-11-13T13:06:12.690-0100][36.462s] GC(7) Pause Young (Normal) (G1 Evacuation Pause) 206M->44M(512M) 5.480ms
[2021-11-13T13:06:12.690-0100][36.462s] GC(7) User=0.05s Sys=0.00s Real=0.01s
[2021-11-13T13:06:14.546-0100][38.317s] GC(8) Pause Young (Normal) (G1 Evacuation Pause)
[2021-11-13T13:06:14.546-0100][38.317s] GC(8) Using 10 workers of 10 for evacuation
[2021-11-13T13:06:14.553-0100][38.325s] GC(8)   Pre Evacuate Collection Set: 0.0ms
[2021-11-13T13:06:14.553-0100][38.325s] GC(8)   Evacuate Collection Set: 6.6ms
[2021-11-13T13:06:14.553-0100][38.325s] GC(8)   Post Evacuate Collection Set: 0.6ms
[2021-11-13T13:06:14.553-0100][38.325s] GC(8)   Other: 0.2ms
[2021-11-13T13:06:14.553-0100][38.325s] GC(8) Eden regions: 255->0(275)
[2021-11-13T13:06:14.553-0100][38.325s] GC(8) Survivor regions: 19->32(35)
[2021-11-13T13:06:14.553-0100][38.325s] GC(8) Old regions: 19->19
[2021-11-13T13:06:14.553-0100][38.325s] GC(8) Archive regions: 2->2
[2021-11-13T13:06:14.553-0100][38.325s] GC(8) Humongous regions: 8->8
[2021-11-13T13:06:14.553-0100][38.325s] GC(8) Metaspace: 49985K->49985K(1093632K)
[2021-11-13T13:06:14.553-0100][38.325s] GC(8) Pause Young (Normal) (G1 Evacuation Pause) 300M->58M(512M) 7.541ms
[2021-11-13T13:06:14.553-0100][38.325s] GC(8) User=0.07s Sys=0.00s Real=0.01s
[2021-11-13T13:10:18.468-0100][282.237s] Heap
[2021-11-13T13:10:18.468-0100][282.237s]  garbage-first heap   total 524288K, used 190457K [0x00000007e0000000, 0x0000000800000000)
[2021-11-13T13:10:18.468-0100][282.237s]   region size 1024K, 161 young (164864K), 32 survivors (32768K)
[2021-11-13T13:10:18.468-0100][282.237s]  Metaspace       used 52619K, capacity 53819K, committed 54064K, reserved 1097728K
[2021-11-13T13:10:18.468-0100][282.237s]   class space    used 6186K, capacity 6702K, committed 6784K, reserved 1048576K
