[2021-11-13T12:56:42.867-0100][0.011s] Heap region size: 1M
[2021-11-13T12:56:43.064-0100][0.207s] Using G1
[2021-11-13T12:56:43.064-0100][0.207s] Heap address: 0x00000007e0000000, size: 512 MB, Compressed Oops mode: Zero based, Oop shift amount: 3
[2021-11-13T12:56:43.064-0100][0.208s] Mark closed archive regions in map: [0x00000007fff00000, 0x00000007fff76ff8]
[2021-11-13T12:56:43.064-0100][0.208s] Mark open archive regions in map: [0x00000007ffe00000, 0x00000007ffe47ff8]
[2021-11-13T12:56:43.083-0100][0.227s] Periodic GC disabled
[2021-11-13T12:56:43.389-0100][0.533s] GC(0) Pause Young (Normal) (G1 Evacuation Pause)
[2021-11-13T12:56:43.390-0100][0.534s] GC(0) Using 10 workers of 10 for evacuation
[2021-11-13T12:56:43.397-0100][0.541s] GC(0)   Pre Evacuate Collection Set: 0.0ms
[2021-11-13T12:56:43.397-0100][0.541s] GC(0)   Evacuate Collection Set: 7.1ms
[2021-11-13T12:56:43.397-0100][0.541s] GC(0)   Post Evacuate Collection Set: 0.2ms
[2021-11-13T12:56:43.397-0100][0.541s] GC(0)   Other: 0.8ms
[2021-11-13T12:56:43.397-0100][0.541s] GC(0) Eden regions: 30->0(304)
[2021-11-13T12:56:43.397-0100][0.541s] GC(0) Survivor regions: 0->3(4)
[2021-11-13T12:56:43.398-0100][0.541s] GC(0) Old regions: 0->0
[2021-11-13T12:56:43.398-0100][0.541s] GC(0) Archive regions: 2->2
[2021-11-13T12:56:43.398-0100][0.541s] GC(0) Humongous regions: 0->0
[2021-11-13T12:56:43.398-0100][0.541s] GC(0) Metaspace: 6005K->6005K(1056768K)
[2021-11-13T12:56:43.398-0100][0.541s] GC(0) Pause Young (Normal) (G1 Evacuation Pause) 30M->3M(512M) 8.242ms
[2021-11-13T12:56:43.398-0100][0.541s] GC(0) User=0.02s Sys=0.01s Real=0.01s
[2021-11-13T12:58:10.434-0100][87.577s] Heap
[2021-11-13T12:58:10.434-0100][87.577s]  garbage-first heap   total 524288K, used 86224K [0x00000007e0000000, 0x0000000800000000)
[2021-11-13T12:58:10.434-0100][87.577s]   region size 1024K, 81 young (82944K), 3 survivors (3072K)
[2021-11-13T12:58:10.434-0100][87.577s]  Metaspace       used 18616K, capacity 19229K, committed 19712K, reserved 1067008K
[2021-11-13T12:58:10.434-0100][87.577s]   class space    used 2207K, capacity 2427K, committed 2560K, reserved 1048576K
