[2021-11-13T12:58:16.759-0100][0.011s] Heap region size: 1M
[2021-11-13T12:58:16.957-0100][0.210s] Using G1
[2021-11-13T12:58:16.957-0100][0.210s] Heap address: 0x00000007e0000000, size: 512 MB, Compressed Oops mode: Zero based, Oop shift amount: 3
[2021-11-13T12:58:16.958-0100][0.210s] Mark closed archive regions in map: [0x00000007fff00000, 0x00000007fff76ff8]
[2021-11-13T12:58:16.958-0100][0.210s] Mark open archive regions in map: [0x00000007ffe00000, 0x00000007ffe47ff8]
[2021-11-13T12:58:16.978-0100][0.231s] Periodic GC disabled
[2021-11-13T12:58:17.299-0100][0.551s] GC(0) Pause Young (Normal) (G1 Evacuation Pause)
[2021-11-13T12:58:17.300-0100][0.552s] GC(0) Using 10 workers of 10 for evacuation
[2021-11-13T12:58:17.307-0100][0.559s] GC(0)   Pre Evacuate Collection Set: 0.0ms
[2021-11-13T12:58:17.307-0100][0.559s] GC(0)   Evacuate Collection Set: 6.9ms
[2021-11-13T12:58:17.307-0100][0.559s] GC(0)   Post Evacuate Collection Set: 0.3ms
[2021-11-13T12:58:17.307-0100][0.559s] GC(0)   Other: 1.0ms
[2021-11-13T12:58:17.307-0100][0.559s] GC(0) Eden regions: 30->0(304)
[2021-11-13T12:58:17.307-0100][0.559s] GC(0) Survivor regions: 0->3(4)
[2021-11-13T12:58:17.307-0100][0.559s] GC(0) Old regions: 0->0
[2021-11-13T12:58:17.307-0100][0.559s] GC(0) Archive regions: 2->2
[2021-11-13T12:58:17.307-0100][0.559s] GC(0) Humongous regions: 0->0
[2021-11-13T12:58:17.307-0100][0.559s] GC(0) Metaspace: 6001K->6001K(1056768K)
[2021-11-13T12:58:17.307-0100][0.559s] GC(0) Pause Young (Normal) (G1 Evacuation Pause) 30M->3M(512M) 8.319ms
[2021-11-13T12:58:17.307-0100][0.559s] GC(0) User=0.02s Sys=0.01s Real=0.01s
