[2021-11-10T19:46:20.656-0100][0.011s] Heap region size: 1M
[2021-11-10T19:46:20.879-0100][0.234s] Using G1
[2021-11-10T19:46:20.879-0100][0.234s] Heap address: 0x00000007e0000000, size: 512 MB, Compressed Oops mode: Zero based, Oop shift amount: 3
[2021-11-10T19:46:20.879-0100][0.234s] Mark closed archive regions in map: [0x00000007fff00000, 0x00000007fff76ff8]
[2021-11-10T19:46:20.879-0100][0.234s] Mark open archive regions in map: [0x00000007ffe00000, 0x00000007ffe47ff8]
[2021-11-10T19:46:20.899-0100][0.254s] Periodic GC disabled
[2021-11-10T19:46:21.282-0100][0.637s] GC(0) Pause Young (Normal) (G1 Evacuation Pause)
[2021-11-10T19:46:21.282-0100][0.637s] GC(0) Using 10 workers of 10 for evacuation
[2021-11-10T19:46:21.289-0100][0.643s] GC(0)   Pre Evacuate Collection Set: 0.0ms
[2021-11-10T19:46:21.289-0100][0.643s] GC(0)   Evacuate Collection Set: 5.8ms
[2021-11-10T19:46:21.289-0100][0.643s] GC(0)   Post Evacuate Collection Set: 0.3ms
[2021-11-10T19:46:21.289-0100][0.643s] GC(0)   Other: 0.5ms
[2021-11-10T19:46:21.289-0100][0.643s] GC(0) Eden regions: 30->0(304)
[2021-11-10T19:46:21.289-0100][0.643s] GC(0) Survivor regions: 0->3(4)
[2021-11-10T19:46:21.289-0100][0.643s] GC(0) Old regions: 0->0
[2021-11-10T19:46:21.289-0100][0.643s] GC(0) Archive regions: 2->2
[2021-11-10T19:46:21.289-0100][0.643s] GC(0) Humongous regions: 0->0
[2021-11-10T19:46:21.289-0100][0.643s] GC(0) Metaspace: 6000K->6000K(1056768K)
[2021-11-10T19:46:21.289-0100][0.643s] GC(0) Pause Young (Normal) (G1 Evacuation Pause) 30M->3M(512M) 6.858ms
[2021-11-10T19:46:21.289-0100][0.644s] GC(0) User=0.02s Sys=0.01s Real=0.00s
[2021-11-10T19:46:22.439-0100][1.793s] GC(1) Pause Young (Concurrent Start) (Metadata GC Threshold)
[2021-11-10T19:46:22.439-0100][1.794s] GC(1) Using 10 workers of 10 for evacuation
[2021-11-10T19:46:22.450-0100][1.805s] GC(1)   Pre Evacuate Collection Set: 0.0ms
[2021-11-10T19:46:22.450-0100][1.805s] GC(1)   Evacuate Collection Set: 10.3ms
[2021-11-10T19:46:22.450-0100][1.805s] GC(1)   Post Evacuate Collection Set: 1.0ms
[2021-11-10T19:46:22.450-0100][1.805s] GC(1)   Other: 0.2ms
[2021-11-10T19:46:22.450-0100][1.805s] GC(1) Eden regions: 106->0(98)
[2021-11-10T19:46:22.450-0100][1.805s] GC(1) Survivor regions: 3->20(39)
[2021-11-10T19:46:22.450-0100][1.805s] GC(1) Old regions: 0->0
[2021-11-10T19:46:22.450-0100][1.805s] GC(1) Archive regions: 2->2
[2021-11-10T19:46:22.450-0100][1.805s] GC(1) Humongous regions: 4->4
[2021-11-10T19:46:22.450-0100][1.805s] GC(1) Metaspace: 20531K->20531K(1069056K)
[2021-11-10T19:46:22.450-0100][1.805s] GC(1) Pause Young (Concurrent Start) (Metadata GC Threshold) 112M->24M(512M) 11.568ms
[2021-11-10T19:46:22.450-0100][1.805s] GC(1) User=0.06s Sys=0.00s Real=0.02s
[2021-11-10T19:46:22.450-0100][1.805s] GC(2) Concurrent Cycle
[2021-11-10T19:46:22.450-0100][1.805s] GC(2) Concurrent Clear Claimed Marks
[2021-11-10T19:46:22.450-0100][1.805s] GC(2) Concurrent Clear Claimed Marks 0.018ms
[2021-11-10T19:46:22.450-0100][1.805s] GC(2) Concurrent Scan Root Regions
[2021-11-10T19:46:22.454-0100][1.809s] GC(2) Concurrent Scan Root Regions 3.505ms
[2021-11-10T19:46:22.454-0100][1.809s] GC(2) Concurrent Mark (1.809s)
[2021-11-10T19:46:22.454-0100][1.809s] GC(2) Concurrent Mark From Roots
[2021-11-10T19:46:22.454-0100][1.809s] GC(2) Using 3 workers of 3 for marking
[2021-11-10T19:46:22.460-0100][1.815s] GC(2) Concurrent Mark From Roots 6.451ms
[2021-11-10T19:46:22.460-0100][1.815s] GC(2) Concurrent Preclean
[2021-11-10T19:46:22.460-0100][1.815s] GC(2) Concurrent Preclean 0.032ms
[2021-11-10T19:46:22.460-0100][1.815s] GC(2) Concurrent Mark (1.809s, 1.815s) 6.554ms
[2021-11-10T19:46:22.461-0100][1.815s] GC(2) Pause Remark
[2021-11-10T19:46:22.462-0100][1.816s] GC(2) Pause Remark 24M->24M(512M) 0.967ms
[2021-11-10T19:46:22.462-0100][1.816s] GC(2) User=0.00s Sys=0.00s Real=0.00s
[2021-11-10T19:46:22.462-0100][1.816s] GC(2) Concurrent Rebuild Remembered Sets
[2021-11-10T19:46:22.463-0100][1.818s] GC(2) Concurrent Rebuild Remembered Sets 1.207ms
[2021-11-10T19:46:22.463-0100][1.818s] GC(2) Pause Cleanup
[2021-11-10T19:46:22.463-0100][1.818s] GC(2) Pause Cleanup 25M->25M(512M) 0.098ms
[2021-11-10T19:46:22.463-0100][1.818s] GC(2) User=0.00s Sys=0.00s Real=0.00s
[2021-11-10T19:46:22.463-0100][1.818s] GC(2) Concurrent Cleanup for Next Mark
[2021-11-10T19:46:22.464-0100][1.819s] GC(2) Concurrent Cleanup for Next Mark 0.680ms
[2021-11-10T19:46:22.464-0100][1.819s] GC(2) Concurrent Cycle 13.754ms
[2021-11-10T19:46:23.300-0100][2.655s] GC(3) Pause Young (Normal) (G1 Evacuation Pause)
[2021-11-10T19:46:23.300-0100][2.655s] GC(3) Using 10 workers of 10 for evacuation
[2021-11-10T19:46:23.310-0100][2.664s] GC(3)   Pre Evacuate Collection Set: 0.0ms
[2021-11-10T19:46:23.310-0100][2.664s] GC(3)   Evacuate Collection Set: 8.9ms
[2021-11-10T19:46:23.310-0100][2.664s] GC(3)   Post Evacuate Collection Set: 0.6ms
[2021-11-10T19:46:23.310-0100][2.664s] GC(3)   Other: 0.1ms
[2021-11-10T19:46:23.310-0100][2.664s] GC(3) Eden regions: 88->0(136)
[2021-11-10T19:46:23.310-0100][2.664s] GC(3) Survivor regions: 20->5(14)
[2021-11-10T19:46:23.310-0100][2.664s] GC(3) Old regions: 0->19
[2021-11-10T19:46:23.310-0100][2.664s] GC(3) Archive regions: 2->2
[2021-11-10T19:46:23.310-0100][2.664s] GC(3) Humongous regions: 4->4
[2021-11-10T19:46:23.310-0100][2.664s] GC(3) Metaspace: 31260K->31260K(1077248K)
[2021-11-10T19:46:23.310-0100][2.664s] GC(3) Pause Young (Normal) (G1 Evacuation Pause) 112M->27M(512M) 9.694ms
[2021-11-10T19:46:23.310-0100][2.664s] GC(3) User=0.08s Sys=0.00s Real=0.01s
[2021-11-10T19:46:23.608-0100][2.963s] GC(4) Pause Young (Concurrent Start) (Metadata GC Threshold)
[2021-11-10T19:46:23.608-0100][2.963s] GC(4) Using 10 workers of 10 for evacuation
[2021-11-10T19:46:23.612-0100][2.967s] GC(4)   Pre Evacuate Collection Set: 0.1ms
[2021-11-10T19:46:23.612-0100][2.967s] GC(4)   Evacuate Collection Set: 3.7ms
[2021-11-10T19:46:23.612-0100][2.967s] GC(4)   Post Evacuate Collection Set: 0.3ms
[2021-11-10T19:46:23.612-0100][2.967s] GC(4)   Other: 0.1ms
[2021-11-10T19:46:23.612-0100][2.967s] GC(4) Eden regions: 41->0(193)
[2021-11-10T19:46:23.612-0100][2.967s] GC(4) Survivor regions: 5->6(18)
[2021-11-10T19:46:23.612-0100][2.967s] GC(4) Old regions: 19->19
[2021-11-10T19:46:23.613-0100][2.967s] GC(4) Archive regions: 2->2
[2021-11-10T19:46:23.613-0100][2.967s] GC(4) Humongous regions: 4->4
[2021-11-10T19:46:23.613-0100][2.967s] GC(4) Metaspace: 34839K->34839K(1081344K)
[2021-11-10T19:46:23.613-0100][2.967s] GC(4) Pause Young (Concurrent Start) (Metadata GC Threshold) 68M->29M(512M) 4.301ms
[2021-11-10T19:46:23.613-0100][2.967s] GC(4) User=0.02s Sys=0.00s Real=0.01s
[2021-11-10T19:46:23.613-0100][2.967s] GC(5) Concurrent Cycle
[2021-11-10T19:46:23.613-0100][2.967s] GC(5) Concurrent Clear Claimed Marks
[2021-11-10T19:46:23.613-0100][2.967s] GC(5) Concurrent Clear Claimed Marks 0.023ms
[2021-11-10T19:46:23.613-0100][2.967s] GC(5) Concurrent Scan Root Regions
[2021-11-10T19:46:23.614-0100][2.969s] GC(5) Concurrent Scan Root Regions 1.549ms
[2021-11-10T19:46:23.614-0100][2.969s] GC(5) Concurrent Mark (2.969s)
[2021-11-10T19:46:23.614-0100][2.969s] GC(5) Concurrent Mark From Roots
[2021-11-10T19:46:23.614-0100][2.969s] GC(5) Using 3 workers of 3 for marking
[2021-11-10T19:46:23.623-0100][2.978s] GC(5) Concurrent Mark From Roots 9.154ms
[2021-11-10T19:46:23.623-0100][2.978s] GC(5) Concurrent Preclean
[2021-11-10T19:46:23.624-0100][2.978s] GC(5) Concurrent Preclean 0.067ms
[2021-11-10T19:46:23.624-0100][2.978s] GC(5) Concurrent Mark (2.969s, 2.978s) 9.270ms
[2021-11-10T19:46:23.624-0100][2.978s] GC(5) Pause Remark
[2021-11-10T19:46:23.625-0100][2.980s] GC(5) Pause Remark 32M->32M(512M) 1.158ms
[2021-11-10T19:46:23.625-0100][2.980s] GC(5) User=0.01s Sys=0.00s Real=0.00s
[2021-11-10T19:46:23.625-0100][2.980s] GC(5) Concurrent Rebuild Remembered Sets
[2021-11-10T19:46:23.629-0100][2.984s] GC(5) Concurrent Rebuild Remembered Sets 4.702ms
[2021-11-10T19:46:23.630-0100][2.985s] GC(5) Pause Cleanup
[2021-11-10T19:46:23.630-0100][2.985s] GC(5) Pause Cleanup 32M->32M(512M) 0.151ms
[2021-11-10T19:46:23.630-0100][2.985s] GC(5) User=0.00s Sys=0.00s Real=0.00s
[2021-11-10T19:46:23.630-0100][2.985s] GC(5) Concurrent Cleanup for Next Mark
[2021-11-10T19:46:23.631-0100][2.985s] GC(5) Concurrent Cleanup for Next Mark 0.638ms
[2021-11-10T19:46:23.631-0100][2.985s] GC(5) Concurrent Cycle 18.061ms
[2021-11-10T19:46:59.850-0100][39.204s] GC(6) Pause Young (Normal) (G1 Evacuation Pause)
[2021-11-10T19:46:59.850-0100][39.205s] GC(6) Using 10 workers of 10 for evacuation
[2021-11-10T19:46:59.857-0100][39.211s] GC(6)   Pre Evacuate Collection Set: 0.0ms
[2021-11-10T19:46:59.857-0100][39.211s] GC(6)   Evacuate Collection Set: 5.7ms
[2021-11-10T19:46:59.857-0100][39.211s] GC(6)   Post Evacuate Collection Set: 0.7ms
[2021-11-10T19:46:59.857-0100][39.211s] GC(6)   Other: 0.5ms
[2021-11-10T19:46:59.857-0100][39.211s] GC(6) Eden regions: 193->0(234)
[2021-11-10T19:46:59.857-0100][39.211s] GC(6) Survivor regions: 6->14(25)
[2021-11-10T19:46:59.857-0100][39.211s] GC(6) Old regions: 19->19
[2021-11-10T19:46:59.857-0100][39.211s] GC(6) Archive regions: 2->2
[2021-11-10T19:46:59.857-0100][39.211s] GC(6) Humongous regions: 5->4
[2021-11-10T19:46:59.857-0100][39.211s] GC(6) Metaspace: 45903K->45903K(1091584K)
[2021-11-10T19:46:59.857-0100][39.211s] GC(6) Pause Young (Normal) (G1 Evacuation Pause) 223M->36M(512M) 7.175ms
[2021-11-10T19:46:59.857-0100][39.211s] GC(6) User=0.05s Sys=0.00s Real=0.00s
[2021-11-11T11:34:07.841-0100][4584.531s] GC(7) Pause Young (Normal) (G1 Evacuation Pause)
[2021-11-11T11:34:07.841-0100][4584.531s] GC(7) Using 10 workers of 10 for evacuation
[2021-11-11T11:34:07.912-0100][4584.602s] GC(7)   Pre Evacuate Collection Set: 0.0ms
[2021-11-11T11:34:07.912-0100][4584.602s] GC(7)   Evacuate Collection Set: 68.6ms
[2021-11-11T11:34:07.912-0100][4584.602s] GC(7)   Post Evacuate Collection Set: 1.1ms
[2021-11-11T11:34:07.912-0100][4584.603s] GC(7)   Other: 1.6ms
[2021-11-11T11:34:07.912-0100][4584.603s] GC(7) Eden regions: 234->0(282)
[2021-11-11T11:34:07.912-0100][4584.603s] GC(7) Survivor regions: 14->25(31)
[2021-11-11T11:34:07.912-0100][4584.603s] GC(7) Old regions: 19->19
[2021-11-11T11:34:07.912-0100][4584.603s] GC(7) Archive regions: 2->2
[2021-11-11T11:34:07.912-0100][4584.603s] GC(7) Humongous regions: 4->4
[2021-11-11T11:34:07.912-0100][4584.603s] GC(7) Metaspace: 50477K->50477K(1095680K)
[2021-11-11T11:34:07.912-0100][4584.603s] GC(7) Pause Young (Normal) (G1 Evacuation Pause) 270M->47M(512M) 71.422ms
[2021-11-11T11:34:07.912-0100][4584.603s] GC(7) User=0.10s Sys=0.35s Real=0.07s
[2021-11-11T11:35:06.025-0100][4642.718s] Heap
[2021-11-11T11:35:06.025-0100][4642.718s]  garbage-first heap   total 524288K, used 68332K [0x00000007e0000000, 0x0000000800000000)
[2021-11-11T11:35:06.025-0100][4642.718s]   region size 1024K, 45 young (46080K), 25 survivors (25600K)
[2021-11-11T11:35:06.025-0100][4642.718s]  Metaspace       used 50817K, capacity 52312K, committed 52400K, reserved 1095680K
[2021-11-11T11:35:06.025-0100][4642.718s]   class space    used 6059K, capacity 6649K, committed 6656K, reserved 1048576K
