[2021-11-11T11:38:26.652-0100][0.012s] Heap region size: 1M
[2021-11-11T11:38:26.856-0100][0.216s] Using G1
[2021-11-11T11:38:26.856-0100][0.216s] Heap address: 0x00000007e0000000, size: 512 MB, Compressed Oops mode: Zero based, Oop shift amount: 3
[2021-11-11T11:38:26.857-0100][0.217s] Mark closed archive regions in map: [0x00000007fff00000, 0x00000007fff76ff8]
[2021-11-11T11:38:26.857-0100][0.217s] Mark open archive regions in map: [0x00000007ffe00000, 0x00000007ffe47ff8]
[2021-11-11T11:38:26.877-0100][0.237s] Periodic GC disabled
[2021-11-11T11:38:27.206-0100][0.565s] GC(0) Pause Young (Normal) (G1 Evacuation Pause)
[2021-11-11T11:38:27.206-0100][0.566s] GC(0) Using 10 workers of 10 for evacuation
[2021-11-11T11:38:27.212-0100][0.572s] GC(0)   Pre Evacuate Collection Set: 0.0ms
[2021-11-11T11:38:27.213-0100][0.572s] GC(0)   Evacuate Collection Set: 6.1ms
[2021-11-11T11:38:27.213-0100][0.572s] GC(0)   Post Evacuate Collection Set: 0.2ms
[2021-11-11T11:38:27.213-0100][0.572s] GC(0)   Other: 0.6ms
[2021-11-11T11:38:27.213-0100][0.572s] GC(0) Eden regions: 30->0(304)
[2021-11-11T11:38:27.213-0100][0.572s] GC(0) Survivor regions: 0->3(4)
[2021-11-11T11:38:27.213-0100][0.572s] GC(0) Old regions: 0->0
[2021-11-11T11:38:27.213-0100][0.572s] GC(0) Archive regions: 2->2
[2021-11-11T11:38:27.213-0100][0.573s] GC(0) Humongous regions: 0->0
[2021-11-11T11:38:27.213-0100][0.573s] GC(0) Metaspace: 6023K->6023K(1056768K)
[2021-11-11T11:38:27.213-0100][0.573s] GC(0) Pause Young (Normal) (G1 Evacuation Pause) 30M->3M(512M) 7.109ms
[2021-11-11T11:38:27.213-0100][0.573s] GC(0) User=0.03s Sys=0.01s Real=0.01s
[2021-11-11T11:38:28.198-0100][1.558s] GC(1) Pause Young (Concurrent Start) (Metadata GC Threshold)
[2021-11-11T11:38:28.198-0100][1.558s] GC(1) Using 10 workers of 10 for evacuation
[2021-11-11T11:38:28.208-0100][1.568s] GC(1)   Pre Evacuate Collection Set: 0.0ms
[2021-11-11T11:38:28.208-0100][1.568s] GC(1)   Evacuate Collection Set: 9.1ms
[2021-11-11T11:38:28.208-0100][1.568s] GC(1)   Post Evacuate Collection Set: 0.7ms
[2021-11-11T11:38:28.208-0100][1.568s] GC(1)   Other: 0.2ms
[2021-11-11T11:38:28.208-0100][1.568s] GC(1) Eden regions: 104->0(100)
[2021-11-11T11:38:28.208-0100][1.568s] GC(1) Survivor regions: 3->20(39)
[2021-11-11T11:38:28.208-0100][1.568s] GC(1) Old regions: 0->0
[2021-11-11T11:38:28.208-0100][1.568s] GC(1) Archive regions: 2->2
[2021-11-11T11:38:28.208-0100][1.568s] GC(1) Humongous regions: 4->4
[2021-11-11T11:38:28.208-0100][1.568s] GC(1) Metaspace: 20429K->20429K(1069056K)
[2021-11-11T11:38:28.208-0100][1.568s] GC(1) Pause Young (Concurrent Start) (Metadata GC Threshold) 110M->23M(512M) 10.224ms
[2021-11-11T11:38:28.208-0100][1.568s] GC(1) User=0.06s Sys=0.00s Real=0.01s
[2021-11-11T11:38:28.208-0100][1.568s] GC(2) Concurrent Cycle
[2021-11-11T11:38:28.208-0100][1.568s] GC(2) Concurrent Clear Claimed Marks
[2021-11-11T11:38:28.208-0100][1.568s] GC(2) Concurrent Clear Claimed Marks 0.022ms
[2021-11-11T11:38:28.208-0100][1.568s] GC(2) Concurrent Scan Root Regions
[2021-11-11T11:38:28.211-0100][1.571s] GC(2) Concurrent Scan Root Regions 2.602ms
[2021-11-11T11:38:28.211-0100][1.571s] GC(2) Concurrent Mark (1.571s)
[2021-11-11T11:38:28.211-0100][1.571s] GC(2) Concurrent Mark From Roots
[2021-11-11T11:38:28.211-0100][1.571s] GC(2) Using 3 workers of 3 for marking
[2021-11-11T11:38:28.213-0100][1.573s] GC(2) Concurrent Mark From Roots 2.163ms
[2021-11-11T11:38:28.213-0100][1.573s] GC(2) Concurrent Preclean
[2021-11-11T11:38:28.213-0100][1.573s] GC(2) Concurrent Preclean 0.180ms
[2021-11-11T11:38:28.213-0100][1.573s] GC(2) Concurrent Mark (1.571s, 1.573s) 2.440ms
[2021-11-11T11:38:28.214-0100][1.574s] GC(2) Pause Remark
[2021-11-11T11:38:28.214-0100][1.574s] GC(2) Pause Remark 24M->24M(512M) 0.789ms
[2021-11-11T11:38:28.215-0100][1.574s] GC(2) User=0.01s Sys=0.00s Real=0.00s
[2021-11-11T11:38:28.215-0100][1.574s] GC(2) Concurrent Rebuild Remembered Sets
[2021-11-11T11:38:28.217-0100][1.577s] GC(2) Concurrent Rebuild Remembered Sets 2.400ms
[2021-11-11T11:38:28.217-0100][1.577s] GC(2) Pause Cleanup
[2021-11-11T11:38:28.217-0100][1.577s] GC(2) Pause Cleanup 24M->24M(512M) 0.100ms
[2021-11-11T11:38:28.217-0100][1.577s] GC(2) User=0.00s Sys=0.00s Real=0.00s
[2021-11-11T11:38:28.218-0100][1.577s] GC(2) Concurrent Cleanup for Next Mark
[2021-11-11T11:38:28.219-0100][1.579s] GC(2) Concurrent Cleanup for Next Mark 1.422ms
[2021-11-11T11:38:28.219-0100][1.579s] GC(2) Concurrent Cycle 10.827ms
[2021-11-11T11:38:28.983-0100][2.343s] GC(3) Pause Young (Normal) (G1 Evacuation Pause)
[2021-11-11T11:38:28.983-0100][2.343s] GC(3) Using 10 workers of 10 for evacuation
[2021-11-11T11:38:28.993-0100][2.353s] GC(3)   Pre Evacuate Collection Set: 0.0ms
[2021-11-11T11:38:28.993-0100][2.353s] GC(3)   Evacuate Collection Set: 8.7ms
[2021-11-11T11:38:28.993-0100][2.353s] GC(3)   Post Evacuate Collection Set: 0.6ms
[2021-11-11T11:38:28.993-0100][2.353s] GC(3)   Other: 0.1ms
[2021-11-11T11:38:28.993-0100][2.353s] GC(3) Eden regions: 86->0(135)
[2021-11-11T11:38:28.993-0100][2.353s] GC(3) Survivor regions: 20->5(14)
[2021-11-11T11:38:28.993-0100][2.353s] GC(3) Old regions: 0->19
[2021-11-11T11:38:28.993-0100][2.353s] GC(3) Archive regions: 2->2
[2021-11-11T11:38:28.993-0100][2.353s] GC(3) Humongous regions: 4->4
[2021-11-11T11:38:28.993-0100][2.353s] GC(3) Metaspace: 31704K->31704K(1079296K)
[2021-11-11T11:38:28.993-0100][2.353s] GC(3) Pause Young (Normal) (G1 Evacuation Pause) 109M->27M(512M) 9.575ms
[2021-11-11T11:38:28.993-0100][2.353s] GC(3) User=0.08s Sys=0.00s Real=0.01s
[2021-11-11T11:38:29.240-0100][2.600s] GC(4) Pause Young (Concurrent Start) (Metadata GC Threshold)
[2021-11-11T11:38:29.240-0100][2.600s] GC(4) Using 10 workers of 10 for evacuation
[2021-11-11T11:38:29.244-0100][2.604s] GC(4)   Pre Evacuate Collection Set: 0.1ms
[2021-11-11T11:38:29.244-0100][2.604s] GC(4)   Evacuate Collection Set: 4.1ms
[2021-11-11T11:38:29.244-0100][2.604s] GC(4)   Post Evacuate Collection Set: 0.3ms
[2021-11-11T11:38:29.244-0100][2.604s] GC(4)   Other: 0.2ms
[2021-11-11T11:38:29.244-0100][2.604s] GC(4) Eden regions: 37->0(140)
[2021-11-11T11:38:29.244-0100][2.604s] GC(4) Survivor regions: 5->7(18)
[2021-11-11T11:38:29.244-0100][2.604s] GC(4) Old regions: 19->19
[2021-11-11T11:38:29.244-0100][2.604s] GC(4) Archive regions: 2->2
[2021-11-11T11:38:29.244-0100][2.604s] GC(4) Humongous regions: 4->4
[2021-11-11T11:38:29.244-0100][2.604s] GC(4) Metaspace: 34743K->34743K(1081344K)
[2021-11-11T11:38:29.244-0100][2.604s] GC(4) Pause Young (Concurrent Start) (Metadata GC Threshold) 64M->29M(512M) 4.729ms
[2021-11-11T11:38:29.244-0100][2.604s] GC(4) User=0.03s Sys=0.01s Real=0.00s
[2021-11-11T11:38:29.245-0100][2.604s] GC(5) Concurrent Cycle
[2021-11-11T11:38:29.245-0100][2.604s] GC(5) Concurrent Clear Claimed Marks
[2021-11-11T11:38:29.245-0100][2.604s] GC(5) Concurrent Clear Claimed Marks 0.033ms
[2021-11-11T11:38:29.245-0100][2.604s] GC(5) Concurrent Scan Root Regions
[2021-11-11T11:38:29.247-0100][2.607s] GC(5) Concurrent Scan Root Regions 2.240ms
[2021-11-11T11:38:29.247-0100][2.607s] GC(5) Concurrent Mark (2.607s)
[2021-11-11T11:38:29.247-0100][2.607s] GC(5) Concurrent Mark From Roots
[2021-11-11T11:38:29.247-0100][2.607s] GC(5) Using 3 workers of 3 for marking
[2021-11-11T11:38:29.261-0100][2.621s] GC(5) Concurrent Mark From Roots 13.886ms
[2021-11-11T11:38:29.261-0100][2.621s] GC(5) Concurrent Preclean
[2021-11-11T11:38:29.261-0100][2.621s] GC(5) Concurrent Preclean 0.088ms
[2021-11-11T11:38:29.261-0100][2.621s] GC(5) Concurrent Mark (2.607s, 2.621s) 14.052ms
[2021-11-11T11:38:29.261-0100][2.621s] GC(5) Pause Remark
[2021-11-11T11:38:29.262-0100][2.622s] GC(5) Pause Remark 31M->31M(512M) 1.073ms
[2021-11-11T11:38:29.262-0100][2.622s] GC(5) User=0.01s Sys=0.00s Real=0.00s
[2021-11-11T11:38:29.262-0100][2.622s] GC(5) Concurrent Rebuild Remembered Sets
[2021-11-11T11:38:29.271-0100][2.631s] GC(5) Concurrent Rebuild Remembered Sets 8.868ms
[2021-11-11T11:38:29.272-0100][2.631s] GC(5) Pause Cleanup
[2021-11-11T11:38:29.272-0100][2.631s] GC(5) Pause Cleanup 32M->32M(512M) 0.099ms
[2021-11-11T11:38:29.272-0100][2.631s] GC(5) User=0.00s Sys=0.00s Real=0.00s
[2021-11-11T11:38:29.272-0100][2.632s] GC(5) Concurrent Cleanup for Next Mark
[2021-11-11T11:38:29.273-0100][2.632s] GC(5) Concurrent Cleanup for Next Mark 0.889ms
[2021-11-11T11:38:29.273-0100][2.632s] GC(5) Concurrent Cycle 28.059ms
[2021-11-11T11:38:55.145-0100][28.504s] GC(6) Pause Young (Normal) (G1 Evacuation Pause)
[2021-11-11T11:38:55.145-0100][28.504s] GC(6) Using 10 workers of 10 for evacuation
[2021-11-11T11:38:55.151-0100][28.511s] GC(6)   Pre Evacuate Collection Set: 0.0ms
[2021-11-11T11:38:55.151-0100][28.511s] GC(6)   Evacuate Collection Set: 5.6ms
[2021-11-11T11:38:55.151-0100][28.511s] GC(6)   Post Evacuate Collection Set: 0.8ms
[2021-11-11T11:38:55.152-0100][28.511s] GC(6)   Other: 0.2ms
[2021-11-11T11:38:55.152-0100][28.511s] GC(6) Eden regions: 140->0(295)
[2021-11-11T11:38:55.152-0100][28.511s] GC(6) Survivor regions: 7->12(19)
[2021-11-11T11:38:55.152-0100][28.511s] GC(6) Old regions: 19->19
[2021-11-11T11:38:55.152-0100][28.511s] GC(6) Archive regions: 2->2
[2021-11-11T11:38:55.152-0100][28.511s] GC(6) Humongous regions: 5->4
[2021-11-11T11:38:55.152-0100][28.511s] GC(6) Metaspace: 42946K->42946K(1087488K)
[2021-11-11T11:38:55.152-0100][28.511s] GC(6) Pause Young (Normal) (G1 Evacuation Pause) 170M->34M(512M) 6.803ms
[2021-11-11T11:38:55.152-0100][28.511s] GC(6) User=0.05s Sys=0.00s Real=0.01s
[2021-11-11T11:39:38.036-0100][71.395s] GC(7) Pause Young (Normal) (G1 Evacuation Pause)
[2021-11-11T11:39:38.036-0100][71.395s] GC(7) Using 10 workers of 10 for evacuation
[2021-11-11T11:39:38.047-0100][71.406s] GC(7)   Pre Evacuate Collection Set: 0.0ms
[2021-11-11T11:39:38.047-0100][71.406s] GC(7)   Evacuate Collection Set: 9.9ms
[2021-11-11T11:39:38.047-0100][71.406s] GC(7)   Post Evacuate Collection Set: 1.2ms
[2021-11-11T11:39:38.047-0100][71.406s] GC(7)   Other: 0.4ms
[2021-11-11T11:39:38.047-0100][71.406s] GC(7) Eden regions: 295->0(277)
[2021-11-11T11:39:38.047-0100][71.406s] GC(7) Survivor regions: 12->30(39)
[2021-11-11T11:39:38.047-0100][71.406s] GC(7) Old regions: 19->19
[2021-11-11T11:39:38.047-0100][71.406s] GC(7) Archive regions: 2->2
[2021-11-11T11:39:38.047-0100][71.406s] GC(7) Humongous regions: 4->4
[2021-11-11T11:39:38.047-0100][71.406s] GC(7) Metaspace: 53508K->53508K(1097728K)
[2021-11-11T11:39:38.047-0100][71.406s] GC(7) Pause Young (Normal) (G1 Evacuation Pause) 329M->52M(512M) 11.720ms
[2021-11-11T11:39:38.047-0100][71.406s] GC(7) User=0.10s Sys=0.00s Real=0.01s
[2021-11-11T11:45:21.847-0100][415.201s] GC(8) Pause Young (Normal) (G1 Evacuation Pause)
[2021-11-11T11:45:21.847-0100][415.201s] GC(8) Using 10 workers of 10 for evacuation
[2021-11-11T11:45:21.862-0100][415.216s] GC(8)   Pre Evacuate Collection Set: 0.0ms
[2021-11-11T11:45:21.862-0100][415.216s] GC(8)   Evacuate Collection Set: 10.2ms
[2021-11-11T11:45:21.862-0100][415.216s] GC(8)   Post Evacuate Collection Set: 4.3ms
[2021-11-11T11:45:21.862-0100][415.216s] GC(8)   Other: 0.3ms
[2021-11-11T11:45:21.862-0100][415.216s] GC(8) Eden regions: 277->0(272)
[2021-11-11T11:45:21.862-0100][415.216s] GC(8) Survivor regions: 30->35(39)
[2021-11-11T11:45:21.862-0100][415.216s] GC(8) Old regions: 19->30
[2021-11-11T11:45:21.862-0100][415.216s] GC(8) Archive regions: 2->2
[2021-11-11T11:45:21.862-0100][415.216s] GC(8) Humongous regions: 4->4
[2021-11-11T11:45:21.862-0100][415.216s] GC(8) Metaspace: 54607K->54607K(1099776K)
[2021-11-11T11:45:21.862-0100][415.216s] GC(8) Pause Young (Normal) (G1 Evacuation Pause) 329M->68M(512M) 14.975ms
[2021-11-11T11:45:21.862-0100][415.216s] GC(8) User=0.13s Sys=0.01s Real=0.02s
[2021-11-11T11:47:16.924-0100][530.276s] GC(9) Pause Young (Normal) (G1 Evacuation Pause)
[2021-11-11T11:47:16.924-0100][530.276s] GC(9) Using 10 workers of 10 for evacuation
[2021-11-11T11:47:16.936-0100][530.288s] GC(9)   Pre Evacuate Collection Set: 0.0ms
[2021-11-11T11:47:16.936-0100][530.288s] GC(9)   Evacuate Collection Set: 7.3ms
[2021-11-11T11:47:16.936-0100][530.288s] GC(9)   Post Evacuate Collection Set: 3.8ms
[2021-11-11T11:47:16.936-0100][530.288s] GC(9)   Other: 0.3ms
[2021-11-11T11:47:16.936-0100][530.288s] GC(9) Eden regions: 272->0(280)
[2021-11-11T11:47:16.936-0100][530.288s] GC(9) Survivor regions: 35->27(39)
[2021-11-11T11:47:16.936-0100][530.288s] GC(9) Old regions: 30->42
[2021-11-11T11:47:16.936-0100][530.288s] GC(9) Archive regions: 2->2
[2021-11-11T11:47:16.936-0100][530.288s] GC(9) Humongous regions: 4->4
[2021-11-11T11:47:16.936-0100][530.288s] GC(9) Metaspace: 54900K->54900K(1099776K)
[2021-11-11T11:47:16.936-0100][530.288s] GC(9) Pause Young (Normal) (G1 Evacuation Pause) 340M->73M(512M) 11.739ms
[2021-11-11T11:47:16.936-0100][530.288s] GC(9) User=0.11s Sys=0.00s Real=0.01s
[2021-11-11T11:51:10.662-0100][764.010s] GC(10) Pause Young (Normal) (G1 Evacuation Pause)
[2021-11-11T11:51:10.662-0100][764.011s] GC(10) Using 10 workers of 10 for evacuation
[2021-11-11T11:51:10.668-0100][764.017s] GC(10)   Pre Evacuate Collection Set: 0.0ms
[2021-11-11T11:51:10.669-0100][764.017s] GC(10)   Evacuate Collection Set: 4.0ms
[2021-11-11T11:51:10.669-0100][764.017s] GC(10)   Post Evacuate Collection Set: 1.8ms
[2021-11-11T11:51:10.669-0100][764.017s] GC(10)   Other: 1.0ms
[2021-11-11T11:51:10.669-0100][764.017s] GC(10) Eden regions: 280->0(287)
[2021-11-11T11:51:10.669-0100][764.017s] GC(10) Survivor regions: 27->20(39)
[2021-11-11T11:51:10.669-0100][764.017s] GC(10) Old regions: 42->44
[2021-11-11T11:51:10.669-0100][764.017s] GC(10) Archive regions: 2->2
[2021-11-11T11:51:10.669-0100][764.017s] GC(10) Humongous regions: 4->4
[2021-11-11T11:51:10.669-0100][764.017s] GC(10) Metaspace: 58111K->58111K(1101824K)
[2021-11-11T11:51:10.669-0100][764.017s] GC(10) Pause Young (Normal) (G1 Evacuation Pause) 353M->67M(512M) 6.936ms
[2021-11-11T11:51:10.669-0100][764.017s] GC(10) User=0.05s Sys=0.00s Real=0.00s
[2021-11-11T11:56:36.078-0100][1089.422s] GC(11) Pause Young (Concurrent Start) (Metadata GC Threshold)
[2021-11-11T11:56:36.079-0100][1089.423s] GC(11) Using 10 workers of 10 for evacuation
[2021-11-11T11:56:36.087-0100][1089.431s] GC(11)   Pre Evacuate Collection Set: 0.1ms
[2021-11-11T11:56:36.087-0100][1089.431s] GC(11)   Evacuate Collection Set: 7.4ms
[2021-11-11T11:56:36.087-0100][1089.431s] GC(11)   Post Evacuate Collection Set: 0.5ms
[2021-11-11T11:56:36.087-0100][1089.431s] GC(11)   Other: 0.5ms
[2021-11-11T11:56:36.087-0100][1089.431s] GC(11) Eden regions: 125->0(294)
[2021-11-11T11:56:36.087-0100][1089.431s] GC(11) Survivor regions: 20->13(39)
[2021-11-11T11:56:36.087-0100][1089.431s] GC(11) Old regions: 44->44
[2021-11-11T11:56:36.087-0100][1089.431s] GC(11) Archive regions: 2->2
[2021-11-11T11:56:36.087-0100][1089.431s] GC(11) Humongous regions: 4->4
[2021-11-11T11:56:36.087-0100][1089.431s] GC(11) Metaspace: 58420K->58420K(1101824K)
[2021-11-11T11:56:36.087-0100][1089.431s] GC(11) Pause Young (Concurrent Start) (Metadata GC Threshold) 191M->61M(512M) 8.737ms
[2021-11-11T11:56:36.087-0100][1089.431s] GC(11) User=0.04s Sys=0.01s Real=0.01s
[2021-11-11T11:56:36.087-0100][1089.431s] GC(12) Concurrent Cycle
[2021-11-11T11:56:36.087-0100][1089.431s] GC(12) Concurrent Clear Claimed Marks
[2021-11-11T11:56:36.087-0100][1089.431s] GC(12) Concurrent Clear Claimed Marks 0.136ms
[2021-11-11T11:56:36.087-0100][1089.431s] GC(12) Concurrent Scan Root Regions
[2021-11-11T11:56:36.090-0100][1089.434s] GC(12) Concurrent Scan Root Regions 2.510ms
[2021-11-11T11:56:36.090-0100][1089.434s] GC(12) Concurrent Mark (1089.434s)
[2021-11-11T11:56:36.090-0100][1089.434s] GC(12) Concurrent Mark From Roots
[2021-11-11T11:56:36.090-0100][1089.434s] GC(12) Using 3 workers of 3 for marking
[2021-11-11T11:56:36.108-0100][1089.452s] GC(12) Concurrent Mark From Roots 17.841ms
[2021-11-11T11:56:36.108-0100][1089.452s] GC(12) Concurrent Preclean
[2021-11-11T11:56:36.108-0100][1089.452s] GC(12) Concurrent Preclean 0.291ms
[2021-11-11T11:56:36.108-0100][1089.452s] GC(12) Concurrent Mark (1089.434s, 1089.452s) 18.223ms
[2021-11-11T11:56:36.108-0100][1089.452s] GC(12) Pause Remark
[2021-11-11T11:56:36.118-0100][1089.462s] GC(12) Pause Remark 62M->62M(512M) 9.548ms
[2021-11-11T11:56:36.118-0100][1089.462s] GC(12) User=0.05s Sys=0.00s Real=0.01s
[2021-11-11T11:56:36.118-0100][1089.462s] GC(12) Concurrent Rebuild Remembered Sets
[2021-11-11T11:56:36.140-0100][1089.484s] GC(12) Concurrent Rebuild Remembered Sets 22.214ms
[2021-11-11T11:56:36.141-0100][1089.484s] GC(12) Pause Cleanup
[2021-11-11T11:56:36.141-0100][1089.485s] GC(12) Pause Cleanup 62M->62M(512M) 0.204ms
[2021-11-11T11:56:36.141-0100][1089.485s] GC(12) User=0.00s Sys=0.00s Real=0.00s
[2021-11-11T11:56:36.141-0100][1089.485s] GC(12) Concurrent Cleanup for Next Mark
[2021-11-11T11:56:36.142-0100][1089.485s] GC(12) Concurrent Cleanup for Next Mark 0.792ms
[2021-11-11T11:56:36.142-0100][1089.485s] GC(12) Concurrent Cycle 54.382ms
[2021-11-11T12:52:10.313-0100][4423.584s] Heap
[2021-11-11T12:52:10.313-0100][4423.584s]  garbage-first heap   total 524288K, used 196742K [0x00000007e0000000, 0x0000000800000000)
[2021-11-11T12:52:10.313-0100][4423.584s]   region size 1024K, 143 young (146432K), 13 survivors (13312K)
[2021-11-11T12:52:10.313-0100][4423.584s]  Metaspace       used 60457K, capacity 61877K, committed 62928K, reserved 1105920K
[2021-11-11T12:52:10.313-0100][4423.584s]   class space    used 6779K, capacity 7330K, committed 7552K, reserved 1048576K
